Rc files read (in order):
  NONE
Latexmk: This is Latexmk, John Collins, 9 March 2026. Version 4.88.
Latexmk: applying rule 'pdflatex'...
Rule 'pdflatex':  Reasons for rerun
Changed files or newly in use/created:
  supplement.tex
Category 'changed_user':
  supplement.tex

------------
Run number 1 of rule 'pdflatex'
------------
------------
Running 'pdflatex  -interaction=nonstopmode -halt-on-error -recorder  "supplement.tex"'
------------
This is pdfTeX, Version 3.141592653-2.6-1.40.29 (TeX Live 2026) (preloaded format=pdflatex)
 restricted \write18 enabled.
entering extended mode
(./supplement.tex
LaTeX2e <2025-11-01>
L3 programming layer <2026-05-26>
(/Users/Zhuanz1/Library/TinyTeX/texmf-dist/tex/latex/base/article.cls
Document Class: article 2025/01/22 v1.4n Standard LaTeX document class
(/Users/Zhuanz1/Library/TinyTeX/texmf-dist/tex/latex/base/size11.clo)) (/Users/Zhuanz1/Library/TinyTeX/texmf-dist/tex/latex/geometry/geometry.sty (/Users/Zhuanz1/Library/TinyTeX/texmf-dist/tex/latex/graphics/keyval.sty) (/Users/Zhuanz1/Library/TinyTeX/texmf-dist/tex/generic/iftex/ifvtex.sty (/Users/Zhuanz1/Library/TinyTeX/texmf-dist/tex/generic/iftex/iftex.sty))) (/Users/Zhuanz1/Library/TinyTeX/texmf-dist/tex/latex/base/fontenc.sty) (/Users/Zhuanz1/Library/TinyTeX/texmf-dist/tex/latex/lm/lmodern.sty) (/Users/Zhuanz1/Library/TinyTeX/texmf-dist/tex/latex/amsmath/amsmath.sty
For additional information on amsmath, use the `?' option.
(/Users/Zhuanz1/Library/TinyTeX/texmf-dist/tex/latex/amsmath/amstext.sty (/Users/Zhuanz1/Library/TinyTeX/texmf-dist/tex/latex/amsmath/amsgen.sty)) (/Users/Zhuanz1/Library/TinyTeX/texmf-dist/tex/latex/amsmath/amsbsy.sty) (/Users/Zhuanz1/Library/TinyTeX/texmf-dist/tex/latex/amsmath/amsopn.sty)) (/Users/Zhuanz1/Library/TinyTeX/texmf-dist/tex/latex/amsfonts/amssymb.sty (/Users/Zhuanz1/Library/TinyTeX/texmf-dist/tex/latex/amsfonts/amsfonts.sty)) (/Users/Zhuanz1/Library/TinyTeX/texmf-dist/tex/latex/amscls/amsthm.sty) (/Users/Zhuanz1/Library/TinyTeX/texmf-dist/tex/latex/graphics/graphicx.sty (/Users/Zhuanz1/Library/TinyTeX/texmf-dist/tex/latex/graphics/graphics.sty (/Users/Zhuanz1/Library/TinyTeX/texmf-dist/tex/latex/graphics/trig.sty) (/Users/Zhuanz1/Library/TinyTeX/texmf-dist/tex/latex/graphics-cfg/graphics.cfg) (/Users/Zhuanz1/Library/TinyTeX/texmf-dist/tex/latex/graphics-def/pdftex.def))) (/Users/Zhuanz1/Library/TinyTeX/texmf-dist/tex/latex/booktabs/booktabs.sty) (/Users/Zhuanz1/Library/TinyTeX/texmf-dist/tex/latex/tools/array.sty) (/Users/Zhuanz1/Library/TinyTeX/texmf-dist/tex/latex/tools/longtable.sty) (/Users/Zhuanz1/Library/TinyTeX/texmf-dist/tex/latex/xcolor/xcolor.sty (/Users/Zhuanz1/Library/TinyTeX/texmf-dist/tex/latex/graphics-cfg/color.cfg) (/Users/Zhuanz1/Library/TinyTeX/texmf-dist/tex/latex/graphics/mathcolor.ltx)) (/Users/Zhuanz1/Library/TinyTeX/texmf-dist/tex/latex/natbib/natbib.sty) (/Users/Zhuanz1/Library/TinyTeX/texmf-dist/tex/latex/hyperref/hyperref.sty (/Users/Zhuanz1/Library/TinyTeX/texmf-dist/tex/latex/kvsetkeys/kvsetkeys.sty) (/Users/Zhuanz1/Library/TinyTeX/texmf-dist/tex/generic/kvdefinekeys/kvdefinekeys.sty) (/Users/Zhuanz1/Library/TinyTeX/texmf-dist/tex/generic/pdfescape/pdfescape.sty (/Users/Zhuanz1/Library/TinyTeX/texmf-dist/tex/generic/ltxcmds/ltxcmds.sty) (/Users/Zhuanz1/Library/TinyTeX/texmf-dist/tex/generic/pdftexcmds/pdftexcmds.sty (/Users/Zhuanz1/Library/TinyTeX/texmf-dist/tex/generic/infwarerr/infwarerr.sty))) (/Users/Zhuanz1/Library/TinyTeX/texmf-dist/tex/latex/hycolor/hycolor.sty) (/Users/Zhuanz1/Library/TinyTeX/texmf-dist/tex/latex/hyperref/nameref.sty (/Users/Zhuanz1/Library/TinyTeX/texmf-dist/tex/latex/refcount/refcount.sty) (/Users/Zhuanz1/Library/TinyTeX/texmf-dist/tex/generic/gettitlestring/gettitlestring.sty (/Users/Zhuanz1/Library/TinyTeX/texmf-dist/tex/latex/kvoptions/kvoptions.sty))) (/Users/Zhuanz1/Library/TinyTeX/texmf-dist/tex/latex/etoolbox/etoolbox.sty) (/Users/Zhuanz1/Library/TinyTeX/texmf-dist/tex/generic/stringenc/stringenc.sty) (/Users/Zhuanz1/Library/TinyTeX/texmf-dist/tex/latex/hyperref/pd1enc.def) (/Users/Zhuanz1/Library/TinyTeX/texmf-dist/tex/generic/intcalc/intcalc.sty) (/Users/Zhuanz1/Library/TinyTeX/texmf-dist/tex/latex/hyperref/puenc.def) (/Users/Zhuanz1/Library/TinyTeX/texmf-dist/tex/latex/url/url.sty) (/Users/Zhuanz1/Library/TinyTeX/texmf-dist/tex/generic/bitset/bitset.sty (/Users/Zhuanz1/Library/TinyTeX/texmf-dist/tex/generic/bigintcalc/bigintcalc.sty))) (/Users/Zhuanz1/Library/TinyTeX/texmf-dist/tex/latex/hyperref/hpdftex.def (/Users/Zhuanz1/Library/TinyTeX/texmf-dist/tex/latex/rerunfilecheck/rerunfilecheck.sty (/Users/Zhuanz1/Library/TinyTeX/texmf-dist/tex/generic/uniquecounter/uniquecounter.sty))) (/Users/Zhuanz1/Library/TinyTeX/texmf-dist/tex/latex/lm/t1lmr.fd) (/Users/Zhuanz1/Library/TinyTeX/texmf-dist/tex/latex/l3backend/l3backend-pdftex.def) (./supplement.aux)
*geometry* driver: auto-detecting
*geometry* detected driver: pdftex
(/Users/Zhuanz1/Library/TinyTeX/texmf-dist/tex/context/base/mkii/supp-pdf.mkii
[Loading MPS to PDF converter (version 2006.09.02).]
) (/Users/Zhuanz1/Library/TinyTeX/texmf-dist/tex/latex/epstopdf-pkg/epstopdf-base.sty (/Users/Zhuanz1/Library/TinyTeX/texmf-dist/tex/latex/latexconfig/epstopdf-sys.cfg)) (./supplement.out) (./supplement.out) (/Users/Zhuanz1/Library/TinyTeX/texmf-dist/tex/latex/lm/ot1lmr.fd) (/Users/Zhuanz1/Library/TinyTeX/texmf-dist/tex/latex/lm/omllmm.fd) (/Users/Zhuanz1/Library/TinyTeX/texmf-dist/tex/latex/lm/omslmsy.fd) (/Users/Zhuanz1/Library/TinyTeX/texmf-dist/tex/latex/lm/omxlmex.fd) (/Users/Zhuanz1/Library/TinyTeX/texmf-dist/tex/latex/amsfonts/umsa.fd) (/Users/Zhuanz1/Library/TinyTeX/texmf-dist/tex/latex/amsfonts/umsb.fd) (./appendices/proofs.tex

Package natbib Warning: Citation `stengel1996' on page 1 undefined on input line 36.

[1{/Users/Zhuanz1/Library/TinyTeX/texmf-var/fonts/map/pdftex/updmap/pdftex.map}{/Users/Zhuanz1/Library/TinyTeX/texmf-dist/fonts/enc/dvips/lm/lm-ec.enc}{/Users/Zhuanz1/Library/TinyTeX/texmf-dist/fonts/enc/dvips/lm/lm-mathit.enc}{/Users/Zhuanz1/Library/TinyTeX/texmf-dist/fonts/enc/dvips/lm/lm-rm.enc}{/Users/Zhuanz1/Library/TinyTeX/texmf-dist/fonts/enc/dvips/lm/lm-mathsy.enc}{/Users/Zhuanz1/Library/TinyTeX/texmf-dist/fonts/enc/dvips/lm/lm-mathex.enc}]

LaTeX Warning: Reference `eq:price' on page 2 undefined on input line 82.


Package natbib Warning: Citation `mcmahan2003' on page 2 undefined on input line 112.


Package natbib Warning: Citation `bosansky2014' on page 2 undefined on input line 112.

[2]

LaTeX Warning: Reference `eq:coarse' on page 3 undefined on input line 134.


LaTeX Warning: Reference `eq:price' on page 3 undefined on input line 152.


Package natbib Warning: Citation `kroer2018' on page 3 undefined on input line 157.

[3]) (./supplement.bbl [4] (/Users/Zhuanz1/Library/TinyTeX/texmf-dist/tex/latex/lm/t1lmtt.fd)
Underfull \hbox (badness 1852) in paragraph at lines 15--19
[]\T1/lmr/m/n/10.95 Christian Kroer and Tuo-mas Sand-holm.  A uni-fied frame-work for extensive-form
)

Package natbib Warning: There were undefined citations.

[5] (./supplement.aux

Package natbib Warning: Citation(s) may have changed.
(natbib)                Rerun to get citations correct.

)

LaTeX Warning: There were undefined references.


LaTeX Warning: Label(s) may have changed. Rerun to get cross-references right.


Package rerunfilecheck Warning: File `supplement.out' has changed.
(rerunfilecheck)                Rerun to get outlines right
(rerunfilecheck)                or use package `bookmark'.

 )
(see the transcript file for additional information)</Users/Zhuanz1/Library/TinyTeX/texmf-dist/fonts/type1/public/lm/lmbx10.pfb></Users/Zhuanz1/Library/TinyTeX/texmf-dist/fonts/type1/public/lm/lmbx12.pfb></Users/Zhuanz1/Library/TinyTeX/texmf-dist/fonts/type1/public/lm/lmbx8.pfb></Users/Zhuanz1/Library/TinyTeX/texmf-dist/fonts/type1/public/lm/lmex10.pfb></Users/Zhuanz1/Library/TinyTeX/texmf-dist/fonts/type1/public/lm/lmmi10.pfb></Users/Zhuanz1/Library/TinyTeX/texmf-dist/fonts/type1/public/lm/lmmi6.pfb></Users/Zhuanz1/Library/TinyTeX/texmf-dist/fonts/type1/public/lm/lmmi8.pfb></Users/Zhuanz1/Library/TinyTeX/texmf-dist/fonts/type1/public/lm/lmr10.pfb></Users/Zhuanz1/Library/TinyTeX/texmf-dist/fonts/type1/public/lm/lmr12.pfb></Users/Zhuanz1/Library/TinyTeX/texmf-dist/fonts/type1/public/lm/lmr17.pfb></Users/Zhuanz1/Library/TinyTeX/texmf-dist/fonts/type1/public/lm/lmr8.pfb></Users/Zhuanz1/Library/TinyTeX/texmf-dist/fonts/type1/public/lm/lmri10.pfb></Users/Zhuanz1/Library/TinyTeX/texmf-dist/fonts/type1/public/lm/lmsy10.pfb></Users/Zhuanz1/Library/TinyTeX/texmf-dist/fonts/type1/public/lm/lmsy6.pfb></Users/Zhuanz1/Library/TinyTeX/texmf-dist/fonts/type1/public/lm/lmsy8.pfb></Users/Zhuanz1/Library/TinyTeX/texmf-dist/fonts/type1/public/lm/lmtt10.pfb>
Output written on supplement.pdf (5 pages, 290884 bytes).
Transcript written on supplement.log.
Latexmk: Getting log file 'supplement.log'
Latexmk: Examining 'supplement.fls'
Latexmk: Examining 'supplement.log'
Latexmk: Found input bbl file 'supplement.bbl'
Latexmk: References changed.
Latexmk: References changed.
Latexmk: References changed.
Latexmk: Log file says output to 'supplement.pdf'
  ===Source file 'supplement.bbl' for 'pdflatex'
Latexmk: Found bibliography file(s):
  ./references.bib
Latexmk: applying rule 'bibtex supplement'...
Rule 'bibtex supplement':  Reasons for rerun
Changed files or newly in use/created:
  supplement.aux

------------
Run number 1 of rule 'bibtex supplement'
------------
------------
Running 'bibtex  "supplement.aux"'
------------
This is BibTeX, Version 0.99e (TeX Live 2026)
The top-level auxiliary file: supplement.aux
The style file: plainnat.bst
Database file #1: references.bib
Latexmk: applying rule 'pdflatex'...
Rule 'pdflatex':  Reasons for rerun
Changed files or newly in use/created:
  supplement.aux
  supplement.out

------------
Run number 2 of rule 'pdflatex'
------------
------------
Running 'pdflatex  -interaction=nonstopmode -halt-on-error -recorder  "supplement.tex"'
------------
This is pdfTeX, Version 3.141592653-2.6-1.40.29 (TeX Live 2026) (preloaded format=pdflatex)
 restricted \write18 enabled.
entering extended mode
(./supplement.tex
LaTeX2e <2025-11-01>
L3 programming layer <2026-05-26>
(/Users/Zhuanz1/Library/TinyTeX/texmf-dist/tex/latex/base/article.cls
Document Class: article 2025/01/22 v1.4n Standard LaTeX document class
(/Users/Zhuanz1/Library/TinyTeX/texmf-dist/tex/latex/base/size11.clo)) (/Users/Zhuanz1/Library/TinyTeX/texmf-dist/tex/latex/geometry/geometry.sty (/Users/Zhuanz1/Library/TinyTeX/texmf-dist/tex/latex/graphics/keyval.sty) (/Users/Zhuanz1/Library/TinyTeX/texmf-dist/tex/generic/iftex/ifvtex.sty (/Users/Zhuanz1/Library/TinyTeX/texmf-dist/tex/generic/iftex/iftex.sty))) (/Users/Zhuanz1/Library/TinyTeX/texmf-dist/tex/latex/base/fontenc.sty) (/Users/Zhuanz1/Library/TinyTeX/texmf-dist/tex/latex/lm/lmodern.sty) (/Users/Zhuanz1/Library/TinyTeX/texmf-dist/tex/latex/amsmath/amsmath.sty
For additional information on amsmath, use the `?' option.
(/Users/Zhuanz1/Library/TinyTeX/texmf-dist/tex/latex/amsmath/amstext.sty (/Users/Zhuanz1/Library/TinyTeX/texmf-dist/tex/latex/amsmath/amsgen.sty)) (/Users/Zhuanz1/Library/TinyTeX/texmf-dist/tex/latex/amsmath/amsbsy.sty) (/Users/Zhuanz1/Library/TinyTeX/texmf-dist/tex/latex/amsmath/amsopn.sty)) (/Users/Zhuanz1/Library/TinyTeX/texmf-dist/tex/latex/amsfonts/amssymb.sty (/Users/Zhuanz1/Library/TinyTeX/texmf-dist/tex/latex/amsfonts/amsfonts.sty)) (/Users/Zhuanz1/Library/TinyTeX/texmf-dist/tex/latex/amscls/amsthm.sty) (/Users/Zhuanz1/Library/TinyTeX/texmf-dist/tex/latex/graphics/graphicx.sty (/Users/Zhuanz1/Library/TinyTeX/texmf-dist/tex/latex/graphics/graphics.sty (/Users/Zhuanz1/Library/TinyTeX/texmf-dist/tex/latex/graphics/trig.sty) (/Users/Zhuanz1/Library/TinyTeX/texmf-dist/tex/latex/graphics-cfg/graphics.cfg) (/Users/Zhuanz1/Library/TinyTeX/texmf-dist/tex/latex/graphics-def/pdftex.def))) (/Users/Zhuanz1/Library/TinyTeX/texmf-dist/tex/latex/booktabs/booktabs.sty) (/Users/Zhuanz1/Library/TinyTeX/texmf-dist/tex/latex/tools/array.sty) (/Users/Zhuanz1/Library/TinyTeX/texmf-dist/tex/latex/tools/longtable.sty) (/Users/Zhuanz1/Library/TinyTeX/texmf-dist/tex/latex/xcolor/xcolor.sty (/Users/Zhuanz1/Library/TinyTeX/texmf-dist/tex/latex/graphics-cfg/color.cfg) (/Users/Zhuanz1/Library/TinyTeX/texmf-dist/tex/latex/graphics/mathcolor.ltx)) (/Users/Zhuanz1/Library/TinyTeX/texmf-dist/tex/latex/natbib/natbib.sty) (/Users/Zhuanz1/Library/TinyTeX/texmf-dist/tex/latex/hyperref/hyperref.sty (/Users/Zhuanz1/Library/TinyTeX/texmf-dist/tex/latex/kvsetkeys/kvsetkeys.sty) (/Users/Zhuanz1/Library/TinyTeX/texmf-dist/tex/generic/kvdefinekeys/kvdefinekeys.sty) (/Users/Zhuanz1/Library/TinyTeX/texmf-dist/tex/generic/pdfescape/pdfescape.sty (/Users/Zhuanz1/Library/TinyTeX/texmf-dist/tex/generic/ltxcmds/ltxcmds.sty) (/Users/Zhuanz1/Library/TinyTeX/texmf-dist/tex/generic/pdftexcmds/pdftexcmds.sty (/Users/Zhuanz1/Library/TinyTeX/texmf-dist/tex/generic/infwarerr/infwarerr.sty))) (/Users/Zhuanz1/Library/TinyTeX/texmf-dist/tex/latex/hycolor/hycolor.sty) (/Users/Zhuanz1/Library/TinyTeX/texmf-dist/tex/latex/hyperref/nameref.sty (/Users/Zhuanz1/Library/TinyTeX/texmf-dist/tex/latex/refcount/refcount.sty) (/Users/Zhuanz1/Library/TinyTeX/texmf-dist/tex/generic/gettitlestring/gettitlestring.sty (/Users/Zhuanz1/Library/TinyTeX/texmf-dist/tex/latex/kvoptions/kvoptions.sty))) (/Users/Zhuanz1/Library/TinyTeX/texmf-dist/tex/latex/etoolbox/etoolbox.sty) (/Users/Zhuanz1/Library/TinyTeX/texmf-dist/tex/generic/stringenc/stringenc.sty) (/Users/Zhuanz1/Library/TinyTeX/texmf-dist/tex/latex/hyperref/pd1enc.def) (/Users/Zhuanz1/Library/TinyTeX/texmf-dist/tex/generic/intcalc/intcalc.sty) (/Users/Zhuanz1/Library/TinyTeX/texmf-dist/tex/latex/hyperref/puenc.def) (/Users/Zhuanz1/Library/TinyTeX/texmf-dist/tex/latex/url/url.sty) (/Users/Zhuanz1/Library/TinyTeX/texmf-dist/tex/generic/bitset/bitset.sty (/Users/Zhuanz1/Library/TinyTeX/texmf-dist/tex/generic/bigintcalc/bigintcalc.sty))) (/Users/Zhuanz1/Library/TinyTeX/texmf-dist/tex/latex/hyperref/hpdftex.def (/Users/Zhuanz1/Library/TinyTeX/texmf-dist/tex/latex/rerunfilecheck/rerunfilecheck.sty (/Users/Zhuanz1/Library/TinyTeX/texmf-dist/tex/generic/uniquecounter/uniquecounter.sty))) (/Users/Zhuanz1/Library/TinyTeX/texmf-dist/tex/latex/lm/t1lmr.fd) (/Users/Zhuanz1/Library/TinyTeX/texmf-dist/tex/latex/l3backend/l3backend-pdftex.def) (./supplement.aux)
*geometry* driver: auto-detecting
*geometry* detected driver: pdftex
(/Users/Zhuanz1/Library/TinyTeX/texmf-dist/tex/context/base/mkii/supp-pdf.mkii
[Loading MPS to PDF converter (version 2006.09.02).]
) (/Users/Zhuanz1/Library/TinyTeX/texmf-dist/tex/latex/epstopdf-pkg/epstopdf-base.sty (/Users/Zhuanz1/Library/TinyTeX/texmf-dist/tex/latex/latexconfig/epstopdf-sys.cfg)) (./supplement.out) (./supplement.out) (/Users/Zhuanz1/Library/TinyTeX/texmf-dist/tex/latex/lm/ot1lmr.fd) (/Users/Zhuanz1/Library/TinyTeX/texmf-dist/tex/latex/lm/omllmm.fd) (/Users/Zhuanz1/Library/TinyTeX/texmf-dist/tex/latex/lm/omslmsy.fd) (/Users/Zhuanz1/Library/TinyTeX/texmf-dist/tex/latex/lm/omxlmex.fd) (/Users/Zhuanz1/Library/TinyTeX/texmf-dist/tex/latex/amsfonts/umsa.fd) (/Users/Zhuanz1/Library/TinyTeX/texmf-dist/tex/latex/amsfonts/umsb.fd) (./appendices/proofs.tex [1{/Users/Zhuanz1/Library/TinyTeX/texmf-var/fonts/map/pdftex/updmap/pdftex.map}{/Users/Zhuanz1/Library/TinyTeX/texmf-dist/fonts/enc/dvips/lm/lm-ec.enc}{/Users/Zhuanz1/Library/TinyTeX/texmf-dist/fonts/enc/dvips/lm/lm-mathit.enc}{/Users/Zhuanz1/Library/TinyTeX/texmf-dist/fonts/enc/dvips/lm/lm-rm.enc}{/Users/Zhuanz1/Library/TinyTeX/texmf-dist/fonts/enc/dvips/lm/lm-mathsy.enc}{/Users/Zhuanz1/Library/TinyTeX/texmf-dist/fonts/enc/dvips/lm/lm-mathex.enc}] [2] [3]) (./supplement.bbl [4] (/Users/Zhuanz1/Library/TinyTeX/texmf-dist/tex/latex/lm/t1lmtt.fd)
Underfull \hbox (badness 1852) in paragraph at lines 15--19
[]\T1/lmr/m/n/10.95 Christian Kroer and Tuo-mas Sand-holm.  A uni-fied frame-work for extensive-form
) [5] (./supplement.aux) )
(see the transcript file for additional information)</Users/Zhuanz1/Library/TinyTeX/texmf-dist/fonts/type1/public/lm/lmbx10.pfb></Users/Zhuanz1/Library/TinyTeX/texmf-dist/fonts/type1/public/lm/lmbx12.pfb></Users/Zhuanz1/Library/TinyTeX/texmf-dist/fonts/type1/public/lm/lmbx8.pfb></Users/Zhuanz1/Library/TinyTeX/texmf-dist/fonts/type1/public/lm/lmex10.pfb></Users/Zhuanz1/Library/TinyTeX/texmf-dist/fonts/type1/public/lm/lmmi10.pfb></Users/Zhuanz1/Library/TinyTeX/texmf-dist/fonts/type1/public/lm/lmmi6.pfb></Users/Zhuanz1/Library/TinyTeX/texmf-dist/fonts/type1/public/lm/lmmi8.pfb></Users/Zhuanz1/Library/TinyTeX/texmf-dist/fonts/type1/public/lm/lmr10.pfb></Users/Zhuanz1/Library/TinyTeX/texmf-dist/fonts/type1/public/lm/lmr12.pfb></Users/Zhuanz1/Library/TinyTeX/texmf-dist/fonts/type1/public/lm/lmr17.pfb></Users/Zhuanz1/Library/TinyTeX/texmf-dist/fonts/type1/public/lm/lmr8.pfb></Users/Zhuanz1/Library/TinyTeX/texmf-dist/fonts/type1/public/lm/lmri10.pfb></Users/Zhuanz1/Library/TinyTeX/texmf-dist/fonts/type1/public/lm/lmsy10.pfb></Users/Zhuanz1/Library/TinyTeX/texmf-dist/fonts/type1/public/lm/lmsy6.pfb></Users/Zhuanz1/Library/TinyTeX/texmf-dist/fonts/type1/public/lm/lmsy8.pfb></Users/Zhuanz1/Library/TinyTeX/texmf-dist/fonts/type1/public/lm/lmtt10.pfb>
Output written on supplement.pdf (5 pages, 291739 bytes).
Transcript written on supplement.log.
Latexmk: Getting log file 'supplement.log'
Latexmk: Examining 'supplement.fls'
Latexmk: Examining 'supplement.log'
Latexmk: Found input bbl file 'supplement.bbl'
Latexmk: Log file says output to 'supplement.pdf'
  ===Source file 'supplement.bbl' for 'pdflatex'
Latexmk: Found bibliography file(s):
  ./references.bib
Latexmk: All targets (supplement.pdf) are up-to-date

