control head_on 1.0 1.0 FF 1.1102230246251565e-16 0.02222895622253418
control head_on 1.0 1.0 CC 3.400142184309886e-17 0.4199559688568115
control head_on 1.0 1.0 FC 5.348411684396352 32.80343794822693
control head_on 1.0 1.0 CF -5.348411684396351 28.593827962875366
control parallel 1.0 1.0 FF 0.0 0.0186769962310791
control parallel 1.0 1.0 CC 9.624524988801733e-16 0.4059021472930908
control parallel 1.0 1.0 FC 3.406573724064333 22.005656957626343
control parallel 1.0 1.0 CF -3.406573724064325 30.532928943634033
control crossing 1.0 1.0 FF 0.0 0.017833948135375977
control crossing 1.0 1.0 CC -4.301377034918266e-16 0.36234498023986816
control crossing 1.0 1.0 FC 2.525756156854352 13.89674711227417
control crossing 1.0 1.0 CF -2.5257561568543467 12.345031023025513
discovery head_on 0.8 1.0 FF -9.875264313339905 0.04126381874084473
discovery head_on 0.8 1.0 CC -12.21152383319678 0.6212649345397949
discovery head_on 0.8 1.0 FC -7.678570705565067 39.24272322654724
discovery head_on 0.8 1.0 CF -18.17139646099062 78.50392007827759
discovery head_on 1.2 1.0 FF 9.51297474239367 0.05381202697753906
discovery head_on 1.2 1.0 CC 14.049041488197641 0.7713408470153809
discovery head_on 1.2 1.0 FC 21.13178625082163 65.92838597297668
discovery head_on 1.2 1.0 CF 7.662834677224449 40.773762226104736
discovery parallel 0.8 1.0 FF -10.111933834999151 0.03867793083190918
discovery parallel 0.8 1.0 CC -8.629135117027545 0.5081350803375244
discovery parallel 0.8 1.0 FC -5.200855062425332 63.75805687904358
discovery parallel 0.8 1.0 CF -12.966174442664133 64.45067000389099
discovery parallel 1.2 1.0 FF 11.932682948910388 0.04606890678405762
discovery parallel 1.2 1.0 CC 9.801565730393923 0.5514318943023682
discovery parallel 1.2 1.0 FC 15.18714015228404 53.636542320251465
discovery parallel 1.2 1.0 CF 5.954731993252523 65.61246490478516
discovery crossing 0.8 1.0 FF -11.30973507999898 0.03470587730407715
discovery crossing 0.8 1.0 CC -10.074816861076325 0.38051891326904297
discovery crossing 0.8 1.0 FC -7.394119154485615 52.80414319038391
discovery crossing 0.8 1.0 CF -14.231518611726676 48.77321696281433
discovery crossing 1.2 1.0 FF 12.894114291054041 0.045787811279296875
discovery crossing 1.2 1.0 CC 11.4031068353701 0.3829829692840576
discovery crossing 1.2 1.0 FC 18.678886404868273 49.570528984069824
discovery crossing 1.2 1.0 CF 7.639331809050502 62.84726595878601
heldout head_on 0.85 0.9 FF -11.255933539688439 0.044786930084228516
heldout head_on 0.85 0.9 CC -8.830869156579585 0.5157499313354492
heldout head_on 0.85 0.9 FC -5.702121054768778 41.82022190093994
heldout head_on 0.85 0.9 CF -17.28092744291055 65.08819103240967
heldout head_on 0.85 1.1 FF -10.629019164250018 0.04123187065124512
heldout head_on 0.85 1.1 CC -7.385571968804097 0.45239901542663574
heldout head_on 0.85 1.1 FC -2.6641965297922745 31.63776397705078
heldout head_on 0.85 1.1 CF -13.466632295773453 39.458730936050415
heldout head_on 1.15 0.9 FF 12.833906823669711 0.049530982971191406
heldout head_on 1.15 0.9 CC 10.920725451581143 0.5791568756103516
heldout head_on 1.15 0.9 FC 18.74671921584568 39.855877161026
heldout head_on 1.15 0.9 CF 5.207899797391744 71.04082703590393
heldout head_on 1.15 1.1 FF 12.261141040263485 0.04968976974487305
heldout head_on 1.15 1.1 CC 11.272866096076372 0.5077629089355469
heldout head_on 1.15 1.1 FC 19.634637163196487 52.636714935302734
heldout head_on 1.15 1.1 CF 6.996626072651649 59.065589904785156
heldout parallel 0.85 0.9 FF -8.007196509155664 0.042340993881225586
heldout parallel 0.85 0.9 CC -6.8873005778797545 0.4658050537109375
heldout parallel 0.85 0.9 FC -2.3803413076191915 34.80043005943298
heldout parallel 0.85 0.9 CF -12.256322057441821 41.79746675491333
heldout parallel 0.85 1.1 FF -6.105494145786325 0.043389081954956055
heldout parallel 0.85 1.1 CC -5.698758923500105 0.456862211227417
heldout parallel 0.85 1.1 FC -2.210050338976041 51.48745894432068
heldout parallel 0.85 1.1 CF -9.566199872957096 39.399510860443115
heldout parallel 1.15 0.9 FF 9.002149770135706 0.051033973693847656
heldout parallel 1.15 0.9 CC 7.89639680852613 0.4499180316925049
heldout parallel 1.15 0.9 FC 12.394612886974759 35.27655291557312
heldout parallel 1.15 0.9 CF 4.685246983926342 79.47971892356873
heldout parallel 1.15 1.1 FF 8.817235643876664 0.05468916893005371
heldout parallel 1.15 1.1 CC 8.615827837107787 0.49792981147766113
heldout parallel 1.15 1.1 FC 14.489418353752475 45.460366010665894
heldout parallel 1.15 1.1 CF 4.384418688464527 56.18484902381897
heldout crossing 0.85 0.9 FF -9.154312151384847 0.03432011604309082
heldout crossing 0.85 0.9 CC -8.924810167369685 0.3363220691680908
heldout crossing 0.85 0.9 FC -6.160240672766124 37.32146716117859
heldout crossing 0.85 0.9 CF -13.777254371779234 54.67688512802124
heldout crossing 0.85 1.1 FF -6.661081726239573 0.037296295166015625
heldout crossing 0.85 1.1 CC -6.061199376936724 0.40181398391723633
heldout crossing 0.85 1.1 FC -3.65440508318493 22.483527898788452
heldout crossing 0.85 1.1 CF -8.754262118474118 32.40002512931824
heldout crossing 1.15 0.9 FF 8.925071239840543 0.03924298286437988
heldout crossing 1.15 0.9 CC 6.659348836887473 0.34775400161743164
heldout crossing 1.15 0.9 FC 9.56542854602131 34.62924408912659
heldout crossing 1.15 0.9 CF 4.491596449345666 36.77634286880493
heldout crossing 1.15 1.1 FF 5.380483420136056 0.04244875907897949
heldout crossing 1.15 1.1 CC 7.260134444801886 0.3695969581604004
heldout crossing 1.15 1.1 FC 10.7225100081146 50.561612129211426
heldout crossing 1.15 1.1 CF 2.9475805629563037 25.950319051742554
FAIL_REMOVE_CORE 1
