M2.2 B0 Gold Compiler Fidelity — run record
======================================================================
commands:
  PYTHONPATH=backend/src:research/m2_2/scripts:research/m2_1/scripts .venv/bin/python research/m2_2/scripts/fire_calibration.py   (86.4 s)
  PYTHONPATH=backend/src:research/m2_2/scripts:research/m2_1/scripts .venv/bin/python research/m2_2/scripts/m22_b0.py ALL        (127.3 s)
  PYTHONPATH=backend/src:research/m2_2/scripts:research/m2_1/scripts .venv/bin/python research/m2_2/scripts/m22_figures.py     (55 s)

GATE:
{
 "GOLD_COMPILER_GAP": "FAIL",
 "cases_with_gap": 0,
 "required": 2,
 "per_mechanism": {
  "MG1": "GOLD_GAP_NONPOSITIVE",
  "MG3": "GOLD_GAP_NONPOSITIVE",
  "MG4": "NO_GAP"
 },
 "threshold": ">=2 of 3: SEARCH fidelity >= 0.70 AND CURRENT_POLICY fidelity <= 0.40",
 "wall_seconds": 127.3
}

======================================================================
MG1  verdict=GOLD_GAP_NONPOSITIVE
reproduction ok: True
PRIMARY panel:
{
 "gold_gap": -5.84375,
 "status": "GOLD_GAP_NONPOSITIVE",
 "fidelity": {
  "CURRENT_POLICY": null,
  "CURRENT_INTENT_COMPILER": null,
  "CURRENT_INTENT_ON_LEVER_SHIP": null,
  "BEAM_SEARCH_COMPILER": null
 }
}
  values:
{
 "MANUAL_GOLD": -12.166666666666668,
 "REGISTERED_COUNTER_ARM": -12.36111111111111,
 "RANDOM_LEGAL_MEAN": -6.322916666666668,
 "RANDOM_LEGAL_MAX": -3.583333333333332,
 "CURRENT_POLICY": -5.472222222222223,
 "CURRENT_INTENT_COMPILER": -14.36111111111111,
 "CURRENT_INTENT_ON_LEVER_SHIP": -12.36111111111111,
 "BEAM_SEARCH_COMPILER": 5.472222222222223
}
SUPPLEMENTARY panel:
{
 "gold_gap": 0.44791666666666674,
 "status": "COMPUTABLE",
 "fidelity": {
  "CURRENT_POLICY": -0.17829457364341092,
  "CURRENT_INTENT_COMPILER": -2.534883720930232,
  "CURRENT_INTENT_ON_LEVER_SHIP": -2.534883720930232,
  "BEAM_SEARCH_COMPILER": 0.875968992248062
 }
}
  values:
{
 "MANUAL_GOLD": 1.888888888888889,
 "REGISTERED_COUNTER_ARM": 0.3055555555555556,
 "RANDOM_LEGAL_MEAN": 1.4409722222222223,
 "RANDOM_LEGAL_MAX": 2.166666666666667,
 "CURRENT_POLICY": 1.3611111111111112,
 "CURRENT_INTENT_COMPILER": 0.3055555555555556,
 "CURRENT_INTENT_ON_LEVER_SHIP": 0.3055555555555556,
 "BEAM_SEARCH_COMPILER": 1.8333333333333335
}

======================================================================
MG3  verdict=GOLD_GAP_NONPOSITIVE
reproduction ok: {'CLOSE': {'distance': 15, 'bb_primary_gf': 114.0, 'expected_hits': 2.5555555555555554}, 'OPEN': {'distance': 17, 'bb_primary_gf': 38.0, 'expected_hits': 0.9444444444444444}}
PRIMARY panel:
{
 "gold_gap": 0.0,
 "status": "GOLD_GAP_NONPOSITIVE",
 "fidelity": {
  "CURRENT_POLICY": null,
  "CURRENT_INTENT_COMPILER": null,
  "CURRENT_INTENT_ON_LEVER_SHIP": null,
  "BEAM_SEARCH_COMPILER": null
 }
}
  values:
{
 "MANUAL_GOLD": 0.0,
 "GOLD_ARM": "CLOSE",
 "COUNTER_ARM": "OPEN",
 "COUNTER_ARM_VALUE": 0.0,
 "RANDOM_LEGAL_MEAN": 0.0,
 "RANDOM_LEGAL_MAX": 0.0,
 "CURRENT_POLICY": 0.0,
 "CURRENT_INTENT_COMPILER": 0.0,
 "CURRENT_INTENT_ON_LEVER_SHIP": 0.0,
 "BEAM_SEARCH_COMPILER": 0.6388888888888888
}
SUPPLEMENTARY panel:
{
 "gold_gap": 0.0,
 "status": "GOLD_GAP_NONPOSITIVE",
 "fidelity": {
  "CURRENT_POLICY": null,
  "CURRENT_INTENT_COMPILER": null,
  "CURRENT_INTENT_ON_LEVER_SHIP": null,
  "BEAM_SEARCH_COMPILER": null
 }
}
  values:
{
 "MANUAL_GOLD": 0.0,
 "GOLD_ARM": "CLOSE",
 "COUNTER_ARM": "OPEN",
 "COUNTER_ARM_VALUE": 0.0,
 "RANDOM_LEGAL_MEAN": 0.0,
 "RANDOM_LEGAL_MAX": 0.0,
 "CURRENT_POLICY": 0.0,
 "CURRENT_INTENT_COMPILER": 0.0,
 "CURRENT_INTENT_ON_LEVER_SHIP": 0.0,
 "BEAM_SEARCH_COMPILER": 0.0
}

======================================================================
MG4  verdict=NO_GAP
reproduction ok: n/a
PRIMARY panel:
{
 "gold_gap": 0.9655172413793104,
 "fidelity": {
  "CURRENT_POLICY": 0.0,
  "CURRENT_INTENT_COMPILER": 0.03571428571428567,
  "PUBLIC_CORRIDOR_SEARCH": 0.10714285714285712,
  "FULL_STATE_CORRIDOR_CEILING": 1.0
 },
 "status": "COMPUTABLE"
}
  values:
{
 "MANUAL_GOLD": 0.9655172413793104,
 "RANDOM_LEGAL_MEAN": 0.0,
 "RANDOM_LEGAL_MAX": 0.0,
 "CURRENT_POLICY": 0.0,
 "CURRENT_INTENT_COMPILER": 0.03448275862068961,
 "PUBLIC_CORRIDOR_SEARCH": 0.10344827586206895,
 "FULL_STATE_CORRIDOR_CEILING": 0.9655172413793104
}
