  [balance] act_drop strength=0.5 w=8: n=102 yield=0.000 lcb=0.000 in_band=False mean_clean=80.0 mean_fault=69.1 shift=-10.8 (2s)
  [balance] act_drop strength=1.0 w=8: n=102 yield=0.029 lcb=0.010 in_band=False mean_clean=38.9 mean_fault=13.7 shift=-25.3 (2s)
  [balance] act_drop strength=1.0 w=4: n=102 yield=0.010 lcb=0.002 in_band=False mean_clean=61.6 mean_fault=42.9 shift=-18.7 (2s)
  [balance] act_drop strength=1.0 w=2: n=102 yield=0.000 lcb=0.000 in_band=False mean_clean=84.3 mean_fault=79.5 shift=-4.8 (2s)
  [balance] act_drop strength=1.0 w=1: n=102 yield=0.000 lcb=0.000 in_band=False mean_clean=87.4 mean_fault=84.7 shift=-2.7 (2s)
  [balance] obs_corrupt strength=0.3 w=8: n=102 yield=0.010 lcb=0.002 in_band=False mean_clean=80.0 mean_fault=67.0 shift=-12.9 (2s)
  [balance] obs_corrupt strength=0.6 w=8: n=102 yield=0.059 lcb=0.027 in_band=False mean_clean=38.9 mean_fault=13.6 shift=-25.3 (2s)
  [balance] obs_corrupt strength=1.2 w=8: n=102 yield=0.069 lcb=0.034 in_band=False mean_clean=61.6 mean_fault=22.9 shift=-38.7 (2s)
  [balance] obs_corrupt strength=1.2 w=4: n=102 yield=0.010 lcb=0.002 in_band=False mean_clean=84.3 mean_fault=72.7 shift=-11.6 (2s)
  [balance] obs_corrupt strength=1.2 w=2: n=102 yield=0.010 lcb=0.002 in_band=False mean_clean=87.4 mean_fault=82.9 shift=-4.6 (2s)
  [balance] obs_corrupt strength=1.2 w=1: n=102 yield=0.010 lcb=0.002 in_band=False mean_clean=61.6 mean_fault=57.9 shift=-3.7 (2s)
  [balance] act_delay strength=2 w=8: n=102 yield=0.000 lcb=0.000 in_band=False mean_clean=80.0 mean_fault=76.3 shift=-3.7 (2s)
  [balance] act_delay strength=4 w=8: n=102 yield=0.000 lcb=0.000 in_band=False mean_clean=38.9 mean_fault=37.4 shift=-1.6 (2s)
  [balance] act_delay strength=4 w=4: n=102 yield=0.010 lcb=0.002 in_band=False mean_clean=61.6 mean_fault=59.5 shift=-2.0 (2s)
[balance] C0 = C_GENERATOR_FEASIBILITY_FAIL (0 families in band)
  [sampling] act_drop strength=0.5 w=8: n=102 yield=0.000 lcb=0.000 in_band=False mean_clean=194.0 mean_fault=194.1 shift=+0.2 (9s)
  [sampling] act_drop strength=1.0 w=8: n=102 yield=0.000 lcb=0.000 in_band=False mean_clean=192.2 mean_fault=189.4 shift=-2.8 (9s)
  [sampling] act_drop strength=1.0 w=4: n=102 yield=0.000 lcb=0.000 in_band=False mean_clean=202.0 mean_fault=200.9 shift=-1.1 (9s)
  [sampling] act_drop strength=1.0 w=2: n=102 yield=0.000 lcb=0.000 in_band=False mean_clean=178.2 mean_fault=176.2 shift=-2.0 (9s)
  [sampling] act_drop strength=1.0 w=1: n=102 yield=0.000 lcb=0.000 in_band=False mean_clean=202.8 mean_fault=204.6 shift=+1.8 (9s)
  [sampling] obs_corrupt strength=0.3 w=8: n=102 yield=0.000 lcb=0.000 in_band=False mean_clean=194.0 mean_fault=193.5 shift=-0.5 (9s)
  [sampling] obs_corrupt strength=0.6 w=8: n=102 yield=0.000 lcb=0.000 in_band=False mean_clean=192.2 mean_fault=191.5 shift=-0.7 (9s)
  [sampling] obs_corrupt strength=1.2 w=8: n=102 yield=0.000 lcb=0.000 in_band=False mean_clean=202.0 mean_fault=199.3 shift=-2.7 (9s)
  [sampling] obs_corrupt strength=1.2 w=4: n=102 yield=0.000 lcb=0.000 in_band=False mean_clean=178.2 mean_fault=179.0 shift=+0.8 (9s)
  [sampling] obs_corrupt strength=1.2 w=2: n=102 yield=0.000 lcb=0.000 in_band=False mean_clean=202.8 mean_fault=204.1 shift=+1.3 (9s)
  [sampling] obs_corrupt strength=1.2 w=1: n=102 yield=0.000 lcb=0.000 in_band=False mean_clean=192.7 mean_fault=192.0 shift=-0.7 (9s)
  [sampling] act_delay strength=2 w=8: n=102 yield=0.000 lcb=0.000 in_band=False mean_clean=194.0 mean_fault=192.4 shift=-1.6 (9s)
  [sampling] act_delay strength=4 w=8: n=102 yield=0.000 lcb=0.000 in_band=False mean_clean=192.2 mean_fault=191.1 shift=-1.1 (9s)
  [sampling] act_delay strength=4 w=4: n=102 yield=0.000 lcb=0.000 in_band=False mean_clean=202.0 mean_fault=202.2 shift=+0.2 (9s)
[sampling] C0 = C_GENERATOR_FEASIBILITY_FAIL (0 families in band)
{
 "attempted": 0,
 "SUCCESS": 0,
 "REJECTED_WITH_REASON": 0,
 "ERROR_WITH_TRACE": 0
}
