  进度 63/1260
  进度 126/1260
  进度 189/1260
  进度 252/1260
  进度 315/1260
  进度 378/1260
  进度 441/1260
  进度 504/1260
  进度 567/1260
  进度 630/1260
  进度 693/1260
  进度 756/1260
  进度 819/1260
  进度 882/1260
  进度 945/1260
  进度 1008/1260
  进度 1071/1260
  进度 1134/1260
  进度 1197/1260
  进度 1260/1260
场景 IBS-S-01 · 1260 局 · workers=8 · 墙钟 858.5s · 完成 1260/1260 失败 0
增援：检定成功 210/1260（16.7%）· 有舰入场 210 局 · 平均入场 1.24 舰

风格                轴心        盟军        合计
balanced       18.9%     51.1%     35.0%
fleet          15.6%     41.1%     28.3%
line           12.2%     28.9%     20.6%
brawl          19.4%     53.9%     36.7%
torpedo        15.0%     50.0%     32.5%
cautious       14.4%     41.1%     27.8%
random          1.1%      2.8%      1.9%

组合矩阵（行=轴心，列=盟军；轴胜/盟胜/平）:
            balanced       fleet        line       brawl     torpedo    cautious      random
balanced           —     3/11/16      2/9/19     1/16/13     0/12/18     4/10/16      24/1/5
fleet        3/14/13           —      3/7/20     2/14/14     1/13/16      0/8/22     19/1/10
line         2/14/14     1/11/18           —     2/15/13     0/14/16     0/14/16     17/3/10
brawl        3/13/14     2/14/14     4/10/16           —     1/11/18     1/12/17      24/0/6
torpedo      0/15/15      1/8/21      3/9/18     1/14/15           —      1/9/20      21/0/9
cautious     1/13/16     3/11/16      3/3/24     1/15/14     1/16/13           —     17/0/13
random        0/23/7     0/19/11     2/14/14      0/23/7      0/24/6      0/21/9           —
