  IBS-S-01: torpedo states=10 (quota 10)
  s1 t2: shooter=IBS-U-USN-FARENHOLT victim=IBS-U-IJN-AOBA n_routes=29 R_shared=0.5 sel={'HOLD': 0.0, 'CURRENT_ADAPTIVE': 0.0, 'INTERCEPT_ASSIST': 0.034482758620689655, 'PUBLIC_SET_COVER': 0.0, 'PUBLIC_BELIEF_AWARE': 0.0, 'FULL_STATE_CEILING': 0.9655172413793104}
  s1 t5: shooter=IBS-U-USN-LAFFEY victim=IBS-U-IJN-HATSUYUKI n_routes=29 R_shared=None sel={'HOLD': 0.0, 'CURRENT_ADAPTIVE': 0.0, 'INTERCEPT_ASSIST': 0.0, 'PUBLIC_SET_COVER': 0.0, 'PUBLIC_BELIEF_AWARE': 0.0, 'FULL_STATE_CEILING': 0.0}
  s1 t6: shooter=IBS-U-USN-MCCALLA victim=IBS-U-IJN-HATSUYUKI n_routes=29 R_shared=None sel={'HOLD': 0.0, 'CURRENT_ADAPTIVE': 0.0, 'INTERCEPT_ASSIST': 0.0, 'PUBLIC_SET_COVER': 0.0, 'PUBLIC_BELIEF_AWARE': 0.0, 'FULL_STATE_CEILING': 0.0}
  s2 t5: shooter=IBS-U-USN-BUCHANAN victim=IBS-U-IJN-HATSUYUKI n_routes=40 R_shared=0.6666666666666666 sel={'HOLD': 0.0, 'CURRENT_ADAPTIVE': 0.0, 'INTERCEPT_ASSIST': 0.0, 'PUBLIC_SET_COVER': 0.0, 'PUBLIC_BELIEF_AWARE': 0.0, 'FULL_STATE_CEILING': 0.3}
  IBS-S-03: torpedo states=10 (quota 10)
  s1 t2: shooter=IBS-U-RN-JACKAL victim=IBS-U-KM-HANS-LODY n_routes=40 R_shared=0.0 sel={'HOLD': 0.0, 'CURRENT_ADAPTIVE': 0.0, 'INTERCEPT_ASSIST': 0.0, 'PUBLIC_SET_COVER': 0.0, 'PUBLIC_BELIEF_AWARE': 0.0, 'FULL_STATE_CEILING': 0.075}
  s1 t3: shooter=IBS-U-RN-KASHMIR victim=IBS-U-KM-RICHARD-BEITZEN n_routes=40 R_shared=None sel={'HOLD': 0.0, 'CURRENT_ADAPTIVE': 0.0, 'INTERCEPT_ASSIST': 0.0, 'PUBLIC_SET_COVER': 0.0, 'PUBLIC_BELIEF_AWARE': 0.0, 'FULL_STATE_CEILING': 0.0}
  s2 t2: shooter=IBS-U-RN-KASHMIR victim=IBS-U-KM-RICHARD-BEITZEN n_routes=40 R_shared=0.0 sel={'HOLD': 0.0, 'CURRENT_ADAPTIVE': 0.0, 'INTERCEPT_ASSIST': 0.0, 'PUBLIC_SET_COVER': 0.0, 'PUBLIC_BELIEF_AWARE': 0.0, 'FULL_STATE_CEILING': 0.025}
  s3 t2: shooter=IBS-U-RN-KASHMIR victim=IBS-U-KM-HANS-LODY n_routes=40 R_shared=None sel={'HOLD': 0.0, 'CURRENT_ADAPTIVE': 0.0, 'INTERCEPT_ASSIST': 0.0, 'PUBLIC_SET_COVER': 0.0, 'PUBLIC_BELIEF_AWARE': 0.0, 'FULL_STATE_CEILING': 0.0}
  s4 t2: shooter=IBS-U-RN-JAVELIN victim=IBS-U-KM-RICHARD-BEITZEN n_routes=40 R_shared=None sel={'HOLD': 0.0, 'CURRENT_ADAPTIVE': 0.0, 'INTERCEPT_ASSIST': 0.0, 'PUBLIC_SET_COVER': 0.0, 'PUBLIC_BELIEF_AWARE': 0.0, 'FULL_STATE_CEILING': 0.0}
  IBS-S-EM-01: torpedo states=10 (quota 10)
  s1 t3: shooter=IBS-U-USN-ERMA-ALLEN-M-SUMNER victim=IBS-U-IJN-ERMA-SHIMAKAZE n_routes=40 R_shared=0.0 sel={'HOLD': 0.0, 'CURRENT_ADAPTIVE': 0.0, 'INTERCEPT_ASSIST': 0.025, 'PUBLIC_SET_COVER': 0.175, 'PUBLIC_BELIEF_AWARE': 0.175, 'FULL_STATE_CEILING': 0.975}
  s1 t4: shooter=IBS-U-USN-ERMA-ALLEN-M-SUMNER victim=IBS-U-IJN-ERMA-SHIMAKAZE n_routes=40 R_shared=None sel={'HOLD': 0.0, 'CURRENT_ADAPTIVE': 0.0, 'INTERCEPT_ASSIST': 0.0, 'PUBLIC_SET_COVER': 0.0, 'PUBLIC_BELIEF_AWARE': 0.0, 'FULL_STATE_CEILING': 0.0}
  s1 t6: shooter=IBS-U-USN-ERMA-ALLEN-M-SUMNER victim=IBS-U-IJN-ERMA-SHIMAKAZE n_routes=40 R_shared=None sel={'HOLD': 0.0, 'CURRENT_ADAPTIVE': 0.0, 'INTERCEPT_ASSIST': 0.0, 'PUBLIC_SET_COVER': 0.0, 'PUBLIC_BELIEF_AWARE': 0.0, 'FULL_STATE_CEILING': 0.0}
  s1 t8: shooter=IBS-U-USN-ERMA-ALLEN-M-SUMNER victim=IBS-U-IJN-ERMA-IBUKI n_routes=14 R_shared=0.3333333333333333 sel={'HOLD': 0.0, 'CURRENT_ADAPTIVE': 0.0, 'INTERCEPT_ASSIST': 0.0, 'PUBLIC_SET_COVER': 0.0, 'PUBLIC_BELIEF_AWARE': 0.0, 'FULL_STATE_CEILING': 0.07142857142857142}
  s1 t10: shooter=IBS-U-USN-ERMA-ALLEN-M-SUMNER victim=IBS-U-IJN-ERMA-KURAMA n_routes=40 R_shared=None sel={'HOLD': 0.0, 'CURRENT_ADAPTIVE': 0.0, 'INTERCEPT_ASSIST': 0.0, 'PUBLIC_SET_COVER': 0.0, 'PUBLIC_BELIEF_AWARE': 0.0, 'FULL_STATE_CEILING': 0.0}
  s1 t11: shooter=IBS-U-USN-ERMA-ALLEN-M-SUMNER victim=IBS-U-IJN-ERMA-KURAMA n_routes=29 R_shared=0.3333333333333333 sel={'HOLD': 0.0, 'CURRENT_ADAPTIVE': 0.0, 'INTERCEPT_ASSIST': 0.0, 'PUBLIC_SET_COVER': 0.0, 'PUBLIC_BELIEF_AWARE': 0.0, 'FULL_STATE_CEILING': 0.1724137931034483}
{
 "n_states": 15,
 "states_per_scenario": {
  "IBS-S-01": 4,
  "IBS-S-03": 5,
  "IBS-S-EM-01": 6
 },
 "material_rate_pooled": 0.26666666666666666,
 "median_R_shared_pooled": 0.3333333333333333,
 "per_scenario": {
  "IBS-S-01": {
   "n": 4,
   "material_rate": 0.5,
   "median_R_shared": 0.5833333333333333,
   "median_R_bayes_uniform": 0.12789786967418545,
   "mean_RR": {
    "HOLD": 0.0,
    "CURRENT_ADAPTIVE": 0.0,
    "INTERCEPT_ASSIST": 0.008620689655172414,
    "PUBLIC_SET_COVER": 0.0,
    "PUBLIC_BELIEF_AWARE": 0.0,
    "FULL_STATE_CEILING": 0.3163793103448276
   },
   "current_fired_rate": 0.25
  },
  "IBS-S-03": {
   "n": 5,
   "material_rate": 0.0,
   "median_R_shared": 0.0,
   "median_R_bayes_uniform": 0.0,
   "mean_RR": {
    "HOLD": 0.0,
    "CURRENT_ADAPTIVE": 0.0,
    "INTERCEPT_ASSIST": 0.0,
    "PUBLIC_SET_COVER": 0.0,
    "PUBLIC_BELIEF_AWARE": 0.0,
    "FULL_STATE_CEILING": 0.02
   },
   "current_fired_rate": 0.6
  },
  "IBS-S-EM-01": {
   "n": 6,
   "material_rate": 0.3333333333333333,
   "median_R_shared": 0.3333333333333333,
   "median_R_bayes_uniform": 0.14814814814814814,
   "mean_RR": {
    "HOLD": 0.0,
    "CURRENT_ADAPTIVE": 0.0,
    "INTERCEPT_ASSIST": 0.004166666666666667,
    "PUBLIC_SET_COVER": 0.029166666666666664,
    "PUBLIC_BELIEF_AWARE": 0.029166666666666664,
    "FULL_STATE_CEILING": 0.20314039408866993
   },
   "current_fired_rate": 0.16666666666666666
  }
 },
 "verdict_inputs": {
  "material_ge_20pct_in_ge_2_scenarios": true
 }
}
