advanced to torpedo_effects (turn 1)
advanced to fire_end (turn 1)
advanced to reinforcement (turn 2)
[14:58:21] BRIDGE REQUEST 146697-001 (/Users/Zhuanz1/Desktop/code/seawar/iron-bottom-sound/research/command_delay/battle/requests)
[15:04:48] BRIDGE RESPONSE 146697-001 (930 chars)
[15:04:49] BRIDGE REQUEST 146697-002 (/Users/Zhuanz1/Desktop/code/seawar/iron-bottom-sound/research/command_delay/battle/requests)
[15:15:08] BRIDGE RESPONSE 146697-002 (790 chars)
[15:15:08] BRIDGE REQUEST 146697-003 (/Users/Zhuanz1/Desktop/code/seawar/iron-bottom-sound/research/command_delay/battle/requests)
[15:22:21] BRIDGE RESPONSE 146697-003 (807 chars)
[15:22:22] BRIDGE REQUEST 146697-004 (/Users/Zhuanz1/Desktop/code/seawar/iron-bottom-sound/research/command_delay/battle/requests)
[15:34:26] BRIDGE RESPONSE 146697-004 (703 chars)
advanced to movement_planning (turn 2)
advanced to torpedo_planning (turn 2)
advanced to movement_resolution (turn 2)
advanced to gunnery (turn 2)
advanced to torpedo_effects (turn 2)
advanced to fire_end (turn 2)
advanced to reinforcement (turn 3)
[15:34:31] BRIDGE REQUEST 146697-005 (/Users/Zhuanz1/Desktop/code/seawar/iron-bottom-sound/research/command_delay/battle/requests)
[15:36:52] BRIDGE RESPONSE 146697-005 (847 chars)
[15:36:52] BRIDGE REQUEST 146697-006 (/Users/Zhuanz1/Desktop/code/seawar/iron-bottom-sound/research/command_delay/battle/requests)
[15:39:00] BRIDGE RESPONSE 146697-006 (814 chars)
[15:39:00] BRIDGE REQUEST 146697-007 (/Users/Zhuanz1/Desktop/code/seawar/iron-bottom-sound/research/command_delay/battle/requests)
[15:43:57] BRIDGE RESPONSE 146697-007 (780 chars)
[15:43:57] BRIDGE REQUEST 146697-008 (/Users/Zhuanz1/Desktop/code/seawar/iron-bottom-sound/research/command_delay/battle/requests)
[15:53:11] BRIDGE RESPONSE 146697-008 (818 chars)
[15:53:11] BRIDGE REQUEST 146697-009 (/Users/Zhuanz1/Desktop/code/seawar/iron-bottom-sound/research/command_delay/battle/requests)
[16:04:28] BRIDGE RESPONSE 146697-009 (678 chars)
[16:04:28] BRIDGE REQUEST 146697-010 (/Users/Zhuanz1/Desktop/code/seawar/iron-bottom-sound/research/command_delay/battle/requests)
[16:15:30] BRIDGE RESPONSE 146697-010 (683 chars)
advanced to movement_planning (turn 3)
[16:15:31] BRIDGE REQUEST 146697-011 (/Users/Zhuanz1/Desktop/code/seawar/iron-bottom-sound/research/command_delay/battle/requests)
[16:17:29] BRIDGE RESPONSE 146697-011 (205 chars)
FLEET ORDER axis -> axis-active-light: 第2编队：美舰9艘在T13—X11一线北航，中坚CA在V12—V14。速取东北航… (tbs_short, +1t)
[16:17:29] BRIDGE REQUEST 146697-012 (/Users/Zhuanz1/Desktop/code/seawar/iron-bottom-sound/research/command_delay/battle/requests)
[16:18:48] BRIDGE RESPONSE 146697-012 (187 chars)
FLEET ORDER allies -> allies-active-heavy: 第1编队：敌重巡衣笠/古鹰/青叶列于R11—R13，敌驱初雪/吹雪在R16—R1… (tbs_short, +1t)
advanced to torpedo_planning (turn 3)
advanced to movement_resolution (turn 3)
advanced to gunnery (turn 3)
advanced to torpedo_effects (turn 3)
advanced to fire_end (turn 3)
advanced to reinforcement (turn 4)
[16:18:53] BRIDGE REQUEST 146697-013 (/Users/Zhuanz1/Desktop/code/seawar/iron-bottom-sound/research/command_delay/battle/requests)
[16:33:13] BRIDGE RESPONSE 146697-013 (1129 chars)
[16:33:14] BRIDGE REQUEST 146697-014 (/Users/Zhuanz1/Desktop/code/seawar/iron-bottom-sound/research/command_delay/battle/requests)
[16:42:10] BRIDGE RESPONSE 146697-014 (898 chars)
[16:42:10] BRIDGE REQUEST 146697-015 (/Users/Zhuanz1/Desktop/code/seawar/iron-bottom-sound/research/command_delay/battle/requests)
[16:50:47] BRIDGE RESPONSE 146697-015 (1056 chars)
[16:50:47] BRIDGE REQUEST 146697-016 (/Users/Zhuanz1/Desktop/code/seawar/iron-bottom-sound/research/command_delay/battle/requests)
[16:57:56] BRIDGE RESPONSE 146697-016 (888 chars)
[16:57:56] BRIDGE REQUEST 146697-017 (/Users/Zhuanz1/Desktop/code/seawar/iron-bottom-sound/research/command_delay/battle/requests)
[17:05:39] BRIDGE RESPONSE 146697-017 (893 chars)
[17:05:39] BRIDGE REQUEST 146697-018 (/Users/Zhuanz1/Desktop/code/seawar/iron-bottom-sound/research/command_delay/battle/requests)
[17:10:46] BRIDGE RESPONSE 146697-018 (872 chars)
advanced to movement_planning (turn 4)
advanced to torpedo_planning (turn 4)
advanced to movement_resolution (turn 4)
advanced to gunnery (turn 4)
advanced to torpedo_effects (turn 4)
advanced to fire_end (turn 4)
advanced to reinforcement (turn 5)
[17:10:59] BRIDGE REQUEST 146697-019 (/Users/Zhuanz1/Desktop/code/seawar/iron-bottom-sound/research/command_delay/battle/requests)
[17:14:21] BRIDGE RESPONSE 146697-019 (902 chars)
[17:14:22] BRIDGE REQUEST 146697-020 (/Users/Zhuanz1/Desktop/code/seawar/iron-bottom-sound/research/command_delay/battle/requests)
[17:20:29] BRIDGE RESPONSE 146697-020 (866 chars)
[17:20:29] BRIDGE REQUEST 146697-021 (/Users/Zhuanz1/Desktop/code/seawar/iron-bottom-sound/research/command_delay/battle/requests)
[17:28:08] BRIDGE RESPONSE 146697-021 (780 chars)
advanced to movement_planning (turn 5)
advanced to torpedo_planning (turn 5)
advanced to movement_resolution (turn 5)
advanced to gunnery (turn 5)
advanced to torpedo_effects (turn 5)
advanced to fire_end (turn 5)
advanced to reinforcement (turn 6)
[17:28:18] BRIDGE REQUEST 146697-022 (/Users/Zhuanz1/Desktop/code/seawar/iron-bottom-sound/research/command_delay/battle/requests)
[17:28:58] BRIDGE RESPONSE 146697-022 (447 chars)
[17:28:58] BRIDGE REQUEST 146697-023 (/Users/Zhuanz1/Desktop/code/seawar/iron-bottom-sound/research/command_delay/battle/requests)
[17:36:51] BRIDGE RESPONSE 146697-023 (696 chars)
advanced to movement_planning (turn 6)
advanced to torpedo_planning (turn 6)
advanced to movement_resolution (turn 6)
advanced to gunnery (turn 6)
advanced to torpedo_effects (turn 6)
advanced to fire_end (turn 6)
advanced to reinforcement (turn 7)
[17:36:56] BRIDGE REQUEST 146697-024 (/Users/Zhuanz1/Desktop/code/seawar/iron-bottom-sound/research/command_delay/battle/requests)
[17:40:21] BRIDGE RESPONSE 146697-024 (338 chars)
[17:40:21] BRIDGE REQUEST 146697-025 (/Users/Zhuanz1/Desktop/code/seawar/iron-bottom-sound/research/command_delay/battle/requests)
[17:46:00] BRIDGE RESPONSE 146697-025 (697 chars)
advanced to movement_planning (turn 7)
advanced to torpedo_planning (turn 7)
advanced to movement_resolution (turn 7)
advanced to gunnery (turn 7)
advanced to torpedo_effects (turn 7)
advanced to fire_end (turn 7)
advanced to complete (turn 7)
BATTLE COMPLETE turns=7 winner=None
