[check] classic_s01          OK  (envelope keys added: 52)
[check] classic_s03          OK  (envelope keys added: 34)
[check] classic_em01         OK  (envelope keys added: 92)
[check] realistic_s01        OK  (envelope keys added: 80)
[check] realistic_s03        OK  (envelope keys added: 54)
[check] realistic_em01       OK  (envelope keys added: 140)
[check] realistic_s03_seed9  OK  (envelope keys added: 54)

ENVELOPE_KEYS_ADDED (additive only, not drift):
  events[].payload.options.command_delay_mode  x7
  events[].payload.order_batch.formation_movement[].movement_style  x4
  events[].payload.order_batch.formation_movement[].reform_column  x4
  events[].payload.order_batch.target_priorities  x7
  orders.10:gunnery.allies.target_priorities  x2
  orders.10:gunnery.axis.target_priorities  x2
  orders.10:movement_planning.allies.formation_movement[].movement_style  x1
  orders.10:movement_planning.allies.formation_movement[].reform_column  x1
  orders.10:movement_planning.allies.target_priorities  x2
  orders.10:movement_planning.axis.formation_movement[].movement_style  x1
  orders.10:movement_planning.axis.formation_movement[].reform_column  x1
  orders.10:movement_planning.axis.target_priorities  x2
  orders.10:reinforcement.allies.target_priorities  x2
  orders.10:reinforcement.axis.target_priorities  x2
  orders.10:torpedo_planning.allies.target_priorities  x2
  orders.10:torpedo_planning.axis.target_priorities  x2
  orders.11:gunnery.allies.target_priorities  x2
  orders.11:gunnery.axis.target_priorities  x2
  orders.11:movement_planning.allies.formation_movement[].movement_style  x1
  orders.11:movement_planning.allies.formation_movement[].reform_column  x1
  orders.11:movement_planning.allies.target_priorities  x2
  orders.11:movement_planning.axis.formation_movement[].movement_style  x1
  orders.11:movement_planning.axis.formation_movement[].reform_column  x1
  orders.11:movement_planning.axis.target_priorities  x2
  orders.11:reinforcement.allies.target_priorities  x2
  orders.11:reinforcement.axis.target_priorities  x2
  orders.11:torpedo_planning.allies.target_priorities  x2
  orders.11:torpedo_planning.axis.target_priorities  x2
  orders.12:gunnery.allies.target_priorities  x2
  orders.12:gunnery.axis.target_priorities  x2
  orders.12:movement_planning.allies.formation_movement[].movement_style  x1
  orders.12:movement_planning.allies.formation_movement[].reform_column  x1
  orders.12:movement_planning.allies.target_priorities  x2
  orders.12:movement_planning.axis.formation_movement[].movement_style  x1
  orders.12:movement_planning.axis.formation_movement[].reform_column  x1
  orders.12:movement_planning.axis.target_priorities  x2
  orders.12:reinforcement.allies.target_priorities  x2
  orders.12:reinforcement.axis.target_priorities  x2
  orders.12:torpedo_planning.allies.target_priorities  x2
  orders.12:torpedo_planning.axis.target_priorities  x2
  orders.1:formation_setup.allies.target_priorities  x4
  orders.1:formation_setup.axis.target_priorities  x4
  orders.1:gunnery.allies.target_priorities  x7
  orders.1:gunnery.axis.target_priorities  x7
  orders.1:movement_planning.allies.formation_movement[].movement_style  x2
  orders.1:movement_planning.allies.formation_movement[].reform_column  x2
  orders.1:movement_planning.allies.target_priorities  x3
  orders.1:movement_planning.axis.formation_movement[].movement_style  x2
  orders.1:movement_planning.axis.formation_movement[].reform_column  x2
  orders.1:movement_planning.axis.target_priorities  x3
  orders.1:reinforcement.allies.target_priorities  x3
  orders.1:reinforcement.axis.target_priorities  x3
  orders.1:torpedo_planning.allies.target_priorities  x3
  orders.1:torpedo_planning.axis.target_priorities  x3
  orders.2:gunnery.allies.target_priorities  x7
  orders.2:gunnery.axis.target_priorities  x7
  orders.2:movement_planning.allies.formation_movement[].movement_style  x4
  orders.2:movement_planning.allies.formation_movement[].reform_column  x4
  orders.2:movement_planning.allies.target_priorities  x7
  orders.2:movement_planning.axis.formation_movement[].movement_style  x4
  orders.2:movement_planning.axis.formation_movement[].reform_column  x4
  orders.2:movement_planning.axis.target_priorities  x7
  orders.2:reinforcement.allies.target_priorities  x7
  orders.2:reinforcement.axis.target_priorities  x7
  orders.2:torpedo_planning.allies.target_priorities  x7
  orders.2:torpedo_planning.axis.target_priorities  x7
  orders.3:gunnery.allies.target_priorities  x7
  orders.3:gunnery.axis.target_priorities  x7
  orders.3:movement_planning.allies.formation_movement[].movement_style  x4
  orders.3:movement_planning.allies.formation_movement[].reform_column  x4
  orders.3:movement_planning.allies.target_priorities  x7
  orders.3:movement_planning.axis.formation_movement[].movement_style  x4
  orders.3:movement_planning.axis.formation_movement[].reform_column  x4
  orders.3:movement_planning.axis.target_priorities  x7
  orders.3:reinforcement.allies.target_priorities  x7
  orders.3:reinforcement.axis.target_priorities  x7
  orders.3:torpedo_planning.allies.target_priorities  x7
  orders.3:torpedo_planning.axis.target_priorities  x7
  orders.4:gunnery.allies.target_priorities  x7
  orders.4:gunnery.axis.target_priorities  x7
  orders.4:movement_planning.allies.formation_movement[].movement_style  x4
  orders.4:movement_planning.allies.formation_movement[].reform_column  x4
  orders.4:movement_planning.allies.target_priorities  x7
  orders.4:movement_planning.axis.formation_movement[].movement_style  x4
  orders.4:movement_planning.axis.formation_movement[].reform_column  x4
  orders.4:movement_planning.axis.target_priorities  x7
  orders.4:reinforcement.allies.target_priorities  x7
  orders.4:reinforcement.axis.target_priorities  x7
  orders.4:torpedo_planning.allies.target_priorities  x7
  orders.4:torpedo_planning.axis.target_priorities  x7
  orders.5:gunnery.allies.target_priorities  x4
  orders.5:gunnery.axis.target_priorities  x4
  orders.5:movement_planning.allies.formation_movement[].movement_style  x2
  orders.5:movement_planning.allies.formation_movement[].reform_column  x2
  orders.5:movement_planning.allies.target_priorities  x4
  orders.5:movement_planning.axis.formation_movement[].movement_style  x2
  orders.5:movement_planning.axis.formation_movement[].reform_column  x2
  orders.5:movement_planning.axis.target_priorities  x4
  orders.5:reinforcement.allies.target_priorities  x4
  orders.5:reinforcement.axis.target_priorities  x4
  orders.5:torpedo_planning.allies.target_priorities  x4
  orders.5:torpedo_planning.axis.target_priorities  x4
  orders.6:gunnery.allies.target_priorities  x4
  orders.6:gunnery.axis.target_priorities  x4
  orders.6:movement_planning.allies.formation_movement[].movement_style  x2
  orders.6:movement_planning.allies.formation_movement[].reform_column  x2
  orders.6:movement_planning.allies.target_priorities  x4
  orders.6:movement_planning.axis.formation_movement[].movement_style  x2
  orders.6:movement_planning.axis.formation_movement[].reform_column  x2
  orders.6:movement_planning.axis.target_priorities  x4
  orders.6:reinforcement.allies.target_priorities  x4
  orders.6:reinforcement.axis.target_priorities  x4
  orders.6:torpedo_planning.allies.target_priorities  x4
  orders.6:torpedo_planning.axis.target_priorities  x4
  orders.7:gunnery.allies.target_priorities  x4
  orders.7:gunnery.axis.target_priorities  x4
  orders.7:movement_planning.allies.formation_movement[].movement_style  x2
  orders.7:movement_planning.allies.formation_movement[].reform_column  x2
  orders.7:movement_planning.allies.target_priorities  x4
  orders.7:movement_planning.axis.formation_movement[].movement_style  x2
  orders.7:movement_planning.axis.formation_movement[].reform_column  x2
  orders.7:movement_planning.axis.target_priorities  x4
  orders.7:reinforcement.allies.target_priorities  x4
  orders.7:reinforcement.axis.target_priorities  x4
  orders.7:torpedo_planning.allies.target_priorities  x4
  orders.7:torpedo_planning.axis.target_priorities  x4
  orders.8:gunnery.allies.target_priorities  x2
  orders.8:gunnery.axis.target_priorities  x2
  orders.8:movement_planning.allies.formation_movement[].movement_style  x1
  orders.8:movement_planning.allies.formation_movement[].reform_column  x1
  orders.8:movement_planning.allies.target_priorities  x2
  orders.8:movement_planning.axis.formation_movement[].movement_style  x1
  orders.8:movement_planning.axis.formation_movement[].reform_column  x1
  orders.8:movement_planning.axis.target_priorities  x2
  orders.8:reinforcement.allies.target_priorities  x2
  orders.8:reinforcement.axis.target_priorities  x2
  orders.8:torpedo_planning.allies.target_priorities  x2
  orders.8:torpedo_planning.axis.target_priorities  x2
  orders.9:gunnery.allies.target_priorities  x2
  orders.9:gunnery.axis.target_priorities  x2
  orders.9:movement_planning.allies.formation_movement[].movement_style  x1
  orders.9:movement_planning.allies.formation_movement[].reform_column  x1
  orders.9:movement_planning.allies.target_priorities  x2
  orders.9:movement_planning.axis.formation_movement[].movement_style  x1
  orders.9:movement_planning.axis.formation_movement[].reform_column  x1
  orders.9:movement_planning.axis.target_priorities  x2
  orders.9:reinforcement.allies.target_priorities  x2
  orders.9:reinforcement.axis.target_priorities  x2
  orders.9:torpedo_planning.allies.target_priorities  x2
  orders.9:torpedo_planning.axis.target_priorities  x2

GOLDEN_REPLAY = PASS
