parallel_low_blue FF 0.0 1.8
parallel_low_blue CC 0.33813584234714855 0.1
head_on_low_blue FF 3.851572759169193 2.0
head_on_low_blue CC 1.1682721575517903 0.2
parallel_low_blue FC 0.9653256962181103 1.3
head_on_low_blue FC 6.952513488889494 2.0
parallel_low_blue CF -0.421961499061872 2.1
head_on_low_blue CF -2.5336780933174183 1.7
parallel_low_red FF 0.0 1.6
parallel_low_red CC -0.338135842347147 0.1
parallel_low_red FC 0.42196149906187136 0.7
head_on_low_red FF -3.851572759169191 2.0
head_on_low_red CC -1.1682721575517911 0.2
parallel_low_red CF -0.9653256962181096 1.2
head_on_low_red FC 2.533678093317418 1.2
head_on_low_red CF -6.952513488889491 5.8
head_on_high_blue FF 5.656331213744325 4.9
head_on_high_blue CC 2.7663674680948143 1.2
parallel_high_blue FF 0.8628678550771256 11.3
parallel_high_blue CC 2.0051194934717524 1.9
parallel_high_blue FC 4.43756736526625 38.4
head_on_high_blue FC 8.830412318038462 48.0
head_on_high_blue CF -0.19402910801001327 6.9
parallel_high_blue CF 0.008524779553473536 16.2
head_on_high_red FF -5.656331213744323 6.0
head_on_high_red CC -2.7663674680948165 1.2
parallel_high_red FF -0.8628678550771246 5.4
parallel_high_red CC -2.0051194934717524 1.0
head_on_high_red FC 0.1940291080100114 7.2
parallel_high_red FC -0.008524779553473708 12.0
head_on_high_red CF -8.83041231803846 33.1
crossing_low_blue FF 0.0 0.6
crossing_low_blue CC 0.2497873459237893 0.1
crossing_low_blue FC 0.5704680003672623 0.5
crossing_low_blue CF -0.305984225257541 1.0
crossing_low_red FF 0.0 0.6
crossing_low_red CC -0.249787345923789 0.1
crossing_low_red FC 0.3059842252575407 0.4
crossing_low_red CF -0.5704680003672622 1.7
parallel_high_red CF -4.437567365266262 36.2
crossing_high_blue FF 3.570349967800029 3.3
crossing_high_blue CC 1.5120919735266989 0.6
crossing_high_blue FC 4.454866687358322 11.7
crossing_high_blue CF 0.18711727206979156 6.1
crossing_high_red FF -3.570349967800019 3.6
crossing_high_red CC -1.5120919735267004 0.8
crossing_high_red FC -0.1871172720697914 5.1
crossing_high_red CF -4.454866687358315 26.5
