confirmatory parallel_0.75_blue FF -0.46214756 0.1 s
confirmatory parallel_0.75_blue CC -1.04120775 1.0 s
confirmatory head_on_0.75_blue FF -0.1667965 0.0 s
confirmatory crossing_0.75_blue FF 0.0 0.0 s
confirmatory head_on_0.75_blue CC -0.79815015 1.0 s
confirmatory crossing_0.75_blue CC -1.88554622 0.8 s
confirmatory parallel_0.75_blue FC 1.32976094 28.0 s
confirmatory crossing_0.75_blue FC 0.0 31.3 s
confirmatory head_on_0.75_blue FC 5.61655207 79.1 s
confirmatory parallel_0.75_blue CF -5.31655754 55.9 s
confirmatory crossing_0.75_blue CF -4.9549373 53.5 s
confirmatory parallel_0.75_red FF 0.46214756 0.0 s
confirmatory parallel_0.75_red CC 1.04120775 0.4 s
confirmatory crossing_0.75_red FF 0.0 0.0 s
confirmatory crossing_0.75_red CC 1.88554622 0.6 s
confirmatory head_on_0.75_blue CF -7.05810697 68.1 s
confirmatory crossing_0.75_red FC 4.9549373 55.3 s
confirmatory parallel_0.75_red FC 5.31655754 61.7 s
confirmatory head_on_0.75_red FF 0.1667965 0.0 s
confirmatory head_on_0.75_red CC 0.79815015 0.6 s
confirmatory crossing_0.75_red CF -0.0 15.0 s
confirmatory parallel_0.75_red CF -1.32976094 20.5 s
confirmatory crossing_0.9_blue FF 0.0 0.0 s
confirmatory crossing_0.9_blue CC -0.86280243 0.5 s
confirmatory parallel_0.9_blue FF 0.0 0.0 s
confirmatory parallel_0.9_blue CC -0.52824602 0.5 s
confirmatory head_on_0.75_red FC 7.05810697 40.7 s
confirmatory crossing_0.9_blue FC 0.67812144 18.8 s
confirmatory parallel_0.9_blue FC 2.51774609 23.5 s
confirmatory crossing_0.9_blue CF -3.32328518 24.0 s
confirmatory crossing_0.9_red FF 0.0 0.0 s
confirmatory crossing_0.9_red CC 0.86280243 0.5 s
confirmatory head_on_0.75_red CF -5.61655207 39.0 s
confirmatory head_on_0.9_blue FF 0.19658618 0.0 s
confirmatory head_on_0.9_blue CC -0.03487791 0.5 s
confirmatory crossing_0.9_red FC 3.32328518 17.4 s
confirmatory parallel_0.9_blue CF -4.20698163 43.7 s
confirmatory parallel_0.9_red FF 0.0 0.0 s
confirmatory crossing_0.9_red CF -0.67812144 9.9 s
confirmatory parallel_0.9_red CC 0.52824602 0.6 s
confirmatory head_on_0.9_blue FC 4.4226873 20.4 s
confirmatory crossing_1.1_blue FF 0.0 0.0 s
confirmatory crossing_1.1_blue CC 0.48406695 0.4 s
confirmatory crossing_1.1_blue FC 2.37304696 16.2 s
confirmatory parallel_0.9_red FC 4.20698163 28.4 s
confirmatory crossing_1.1_blue CF -1.04197339 9.2 s
confirmatory crossing_1.1_red FF 0.0 0.0 s
confirmatory crossing_1.1_red CC -0.48406695 0.4 s
confirmatory head_on_0.9_blue CF -6.24163583 42.9 s
confirmatory parallel_0.9_red CF -2.51774609 21.8 s
confirmatory crossing_1.1_red FC 1.04197339 9.2 s
confirmatory head_on_0.9_red FF -0.19658618 0.0 s
confirmatory head_on_0.9_red CC 0.03487791 0.5 s
confirmatory parallel_1.1_blue FF 0.01950694 0.0 s
confirmatory parallel_1.1_blue CC 0.87735026 0.5 s
confirmatory crossing_1.1_red CF -2.37304696 17.3 s
confirmatory crossing_1.25_blue FF 0.97913077 0.0 s
confirmatory crossing_1.25_blue CC 1.62215706 0.6 s
confirmatory head_on_0.9_red FC 6.24163583 36.8 s
confirmatory head_on_0.9_red CF -4.4226873 34.7 s
confirmatory head_on_1.1_blue FF 0.73858672 0.0 s
confirmatory head_on_1.1_blue CC 1.48324348 0.5 s
confirmatory parallel_1.1_blue FC 4.64901064 81.6 s
confirmatory crossing_1.25_blue FC 4.96337742 61.6 s
confirmatory crossing_1.25_blue CF -1.02958821 24.4 s
confirmatory parallel_1.1_blue CF -3.04364675 36.0 s
confirmatory crossing_1.25_red FF -0.97913077 0.0 s
confirmatory crossing_1.25_red CC -1.62215706 0.5 s
confirmatory parallel_1.1_red FF -0.01950694 0.0 s
confirmatory parallel_1.1_red CC -0.87735026 0.6 s
confirmatory crossing_1.25_red FC 1.02958821 25.3 s
confirmatory head_on_1.1_blue FC 6.42949058 73.7 s
confirmatory parallel_1.1_red FC 3.04364675 34.7 s
confirmatory head_on_1.1_blue CF -3.21513397 24.5 s
confirmatory crossing_1.25_red CF -4.96337742 38.2 s
confirmatory head_on_1.1_red FF -0.73858672 0.0 s
confirmatory head_on_1.1_red CC -1.48324348 0.6 s
confirmatory head_on_1.1_red FC 3.21513397 20.4 s
confirmatory parallel_1.1_red CF -4.64901064 47.5 s
confirmatory parallel_1.25_blue FF 0.0 0.0 s
confirmatory parallel_1.25_blue CC 1.66997736 0.7 s
confirmatory head_on_1.1_red CF -6.42949058 57.2 s
confirmatory parallel_1.25_blue FC 5.73632911 45.8 s
confirmatory head_on_1.25_blue FF -0.1513184 0.0 s
confirmatory head_on_1.25_blue CC -0.35264426 0.5 s
confirmatory parallel_1.25_blue CF -1.88599713 26.2 s
confirmatory parallel_1.25_red FF 0.0 0.0 s
confirmatory parallel_1.25_red CC -1.66997736 0.5 s
confirmatory head_on_1.25_blue FC 5.40043475 34.2 s
confirmatory parallel_1.25_red FC 1.88599713 15.3 s
confirmatory head_on_1.25_blue CF -4.45062684 23.5 s
confirmatory head_on_1.25_red FF 0.1513184 0.0 s
confirmatory head_on_1.25_red CC 0.35264426 0.5 s
confirmatory parallel_1.25_red CF -5.73632911 39.2 s
confirmatory head_on_1.25_red FC 4.45062684 36.6 s
confirmatory head_on_1.25_red CF -5.40043475 34.6 s
confirmatory complete 12 focal cells plus independent mirrors
