discovery head_on_0.7_blue FF -0.36074451 0.0 s
discovery head_on_0.7_blue CC -0.14622378 0.8 s
discovery parallel_0.7_blue FF -0.48763082 0.0 s
discovery crossing_0.7_blue FF 0.0 0.0 s
discovery parallel_0.7_blue CC -1.32551803 0.8 s
discovery crossing_0.7_blue CC -1.78588282 0.7 s
discovery parallel_0.7_blue FC 1.02647303 16.7 s
discovery crossing_0.7_blue FC 0.0 28.8 s
discovery head_on_0.7_blue FC 5.98530235 48.0 s
discovery parallel_0.7_blue CF -4.8238087 41.9 s
discovery crossing_0.7_blue CF -5.03514872 39.8 s
discovery parallel_0.7_red FF 0.48763082 0.0 s
discovery parallel_0.7_red CC 1.32551803 1.4 s
discovery crossing_0.7_red FF 0.0 0.0 s
discovery crossing_0.7_red CC 1.78588282 0.7 s
discovery head_on_0.7_blue CF -6.69325553 67.9 s
discovery parallel_0.7_red FC 4.8238087 48.8 s
discovery crossing_0.7_red FC 5.03514872 36.5 s
discovery head_on_0.7_red FF 0.36074451 0.0 s
discovery head_on_0.7_red CC 0.14622378 0.7 s
discovery crossing_0.7_red CF -0.0 18.6 s
discovery parallel_0.7_red CF -1.02647303 20.2 s
discovery crossing_0.85_blue FF 0.0 0.0 s
discovery parallel_0.85_blue FF 0.0 0.0 s
discovery crossing_0.85_blue CC -0.99255507 0.5 s
discovery parallel_0.85_blue CC -0.67423034 0.6 s
discovery crossing_0.85_blue FC 0.3701934 14.9 s
discovery parallel_0.85_blue FC 2.20043222 24.7 s
discovery crossing_0.85_blue CF -3.90336794 28.0 s
discovery head_on_0.7_red FC 6.69325553 80.9 s
discovery parallel_0.85_blue CF -4.57852344 29.2 s
discovery crossing_0.85_red FF 0.0 0.0 s
discovery crossing_0.85_red CC 0.99255507 0.5 s
discovery parallel_0.85_red FF 0.0 0.0 s
discovery parallel_0.85_red CC 0.67423034 0.5 s
discovery crossing_0.85_red FC 3.90336794 27.0 s
discovery parallel_0.85_red FC 4.57852344 24.1 s
discovery crossing_0.85_red CF -0.3701934 10.3 s
discovery head_on_0.7_red CF -5.98530235 42.6 s
discovery crossing_1_blue FF 0.0 0.0 s
discovery crossing_1_blue CC -0.0 0.4 s
discovery head_on_0.85_blue FF 0.66885162 0.0 s
discovery head_on_0.85_blue CC 0.23498781 0.4 s
discovery parallel_0.85_red CF -2.20043222 17.2 s
discovery parallel_1_blue FF 0.0 0.0 s
discovery crossing_1_blue FC 2.52575616 14.6 s
discovery parallel_1_blue CC 0.0 0.4 s
discovery crossing_1_blue CF -2.52575616 12.4 s
discovery head_on_0.85_blue FC 6.81606954 28.3 s
discovery crossing_1_red FF 0.0 0.0 s
discovery crossing_1_red CC -0.0 0.4 s
discovery parallel_1_blue FC 3.40657372 23.0 s
discovery crossing_1_red FC 2.52575616 14.2 s
discovery crossing_1_red CF -2.52575616 12.3 s
discovery head_on_0.85_blue CF -6.38109591 38.0 s
discovery parallel_1_blue CF -3.40657372 31.1 s
discovery crossing_1.15_blue FF -0.19579914 0.0 s
discovery crossing_1.15_blue CC 0.90200274 0.4 s
discovery head_on_0.85_red FF -0.66885162 0.0 s
discovery head_on_0.85_red CC -0.23498781 0.4 s
discovery parallel_1_red FF 0.0 0.0 s
discovery parallel_1_red CC 0.0 0.5 s
discovery crossing_1.15_blue FC 2.78715841 29.6 s
discovery parallel_1_red FC 3.40657372 36.1 s
discovery crossing_1.15_blue CF -1.08456252 24.0 s
discovery crossing_1.15_red FF 0.19579914 0.0 s
discovery crossing_1.15_red CC -0.90200274 0.5 s
discovery head_on_0.85_red FC 6.38109591 80.5 s
discovery crossing_1.15_red FC 1.08456252 20.2 s
discovery parallel_1_red CF -3.40657372 49.9 s
discovery parallel_1.15_blue FF 0.39275157 0.0 s
discovery parallel_1.15_blue CC 1.06512819 0.5 s
discovery head_on_0.85_red CF -6.81606954 41.8 s
discovery head_on_1_blue FF 0.0 0.0 s
discovery head_on_1_blue CC 0.0 0.6 s
discovery parallel_1.15_blue FC 5.2757725 35.2 s
discovery crossing_1.15_red CF -2.78715841 54.7 s
discovery crossing_1.3_blue FF 0.90576982 0.0 s
discovery crossing_1.3_blue CC 2.040966 0.4 s
discovery crossing_1.3_blue FC 4.819728 29.8 s
discovery head_on_1_blue FC 5.34841168 51.7 s
discovery parallel_1.15_blue CF -2.52234308 53.5 s
discovery parallel_1.15_red FF -0.39275157 0.0 s
discovery parallel_1.15_red CC -1.06512819 0.5 s
discovery crossing_1.3_blue CF -0.99356227 23.9 s
discovery crossing_1.3_red FF -0.90576982 0.0 s
discovery crossing_1.3_red CC -2.040966 0.5 s
discovery head_on_1_blue CF -5.34841168 42.1 s
discovery crossing_1.3_red FC 0.99356227 21.0 s
discovery parallel_1.15_red FC 2.52234308 37.4 s
discovery head_on_1_red FF 0.0 0.0 s
discovery head_on_1_red CC 0.0 0.6 s
discovery crossing_1.3_red CF -4.819728 25.8 s
discovery parallel_1.15_red CF -5.2757725 42.0 s
discovery head_on_1_red FC 5.34841168 44.2 s
discovery parallel_1.3_blue FF 0.0 0.0 s
discovery parallel_1.3_blue CC 1.8707752 0.4 s
discovery parallel_1.3_blue FC 5.74575548 25.2 s
discovery head_on_1_red CF -5.34841168 35.0 s
discovery head_on_1.15_blue FF -0.49324343 0.0 s
discovery head_on_1.15_blue CC 1.62500951 0.5 s
discovery parallel_1.3_blue CF -1.89768762 16.3 s
discovery parallel_1.3_red FF 0.0 0.0 s
discovery parallel_1.3_red CC -1.8707752 0.5 s
discovery parallel_1.3_red FC 1.89768762 15.4 s
discovery head_on_1.15_blue FC 7.01548369 33.2 s
discovery parallel_1.3_red CF -5.74575548 26.8 s
discovery head_on_1.15_blue CF -3.96521555 21.4 s
discovery head_on_1.15_red FF 0.49324343 0.0 s
discovery head_on_1.15_red CC -1.62500951 0.4 s
discovery head_on_1.15_red FC 3.96521555 17.6 s
discovery head_on_1.15_red CF -7.01548369 24.3 s
discovery head_on_1.3_blue FF -0.04861233 0.0 s
discovery head_on_1.3_blue CC -0.23757901 0.5 s
discovery head_on_1.3_blue FC 5.501329 38.1 s
discovery head_on_1.3_blue CF -4.68901116 39.3 s
discovery head_on_1.3_red FF 0.04861233 0.0 s
discovery head_on_1.3_red CC 0.23757901 0.5 s
discovery head_on_1.3_red FC 4.68901116 38.1 s
discovery head_on_1.3_red CF -5.501329 37.1 s
discovery complete 15 focal cells plus independent mirrors
