parallel_low_blue FF 0.0 0.6
parallel_low_blue CC 0.33813584234714855 0.1
head_on_low_blue FF 3.851572759169193 0.8
head_on_low_blue CC 1.1682721575517903 0.1
parallel_low_blue FC 0.9653256962181103 0.6
head_on_low_blue FC 6.952513488889494 0.9
parallel_low_blue CF -0.421961499061872 1.0
head_on_low_blue CF -2.5336780933174183 0.8
parallel_low_red FF 0.0 0.6
parallel_low_red CC -0.338135842347147 0.1
parallel_low_red FC 0.42196149906187136 0.3
head_on_low_red FF -3.851572759169191 0.8
head_on_low_red CC -1.1682721575517911 0.1
parallel_low_red CF -0.9653256962181096 0.6
head_on_low_red FC 2.533678093317418 0.6
head_on_low_red CF -6.952513488889491 2.8
parallel_high_blue FF 0.8628678550771256 2.9
parallel_high_blue CC 2.0051194934717524 0.7
head_on_high_blue FF 5.656331213744325 2.9
head_on_high_blue CC 2.7663674680948143 0.8
parallel_high_blue FC 4.43756736526625 15.3
parallel_high_blue CF 0.008524779553473536 6.8
head_on_high_blue FC 8.830412318038462 27.8
parallel_high_red FF -0.8628678550771246 2.8
parallel_high_red CC -2.0051194934717524 0.6
head_on_high_blue CF -0.19402910801001327 4.2
parallel_high_red FC -0.008524779553473708 7.0
head_on_high_red FF -5.656331213744323 2.9
head_on_high_red CC -2.7663674680948165 0.8
head_on_high_red FC 0.1940291080100114 3.9
parallel_high_red CF -4.437567365266262 27.1
crossing_low_blue FF 0.0 0.5
crossing_low_blue CC 0.2497873459237893 0.1
crossing_low_blue FC 0.5704680003672623 0.4
head_on_high_red CF -8.83041231803846 19.4
crossing_low_blue CF -0.305984225257541 0.8
crossing_low_red FF 0.0 0.5
crossing_low_red CC -0.249787345923789 0.1
crossing_low_red FC 0.3059842252575407 0.3
crossing_low_red CF -0.5704680003672622 1.5
crossing_high_blue FF 3.570349967800029 2.2
crossing_high_blue CC 1.5120919735266989 0.5
crossing_high_blue FC 4.454866687358322 8.2
crossing_high_blue CF 0.18711727206979156 4.1
crossing_high_red FF -3.570349967800019 2.2
crossing_high_red CC -1.5120919735267004 0.5
crossing_high_red FC -0.1871172720697914 3.0
crossing_high_red CF -4.454866687358315 18.2
