confirmatory parallel_0.75_blue FF -0.46214756 0.0 s
confirmatory parallel_0.75_blue CC -1.04120775 0.5 s
confirmatory head_on_0.75_blue FF -0.1667965 0.0 s
confirmatory crossing_0.75_blue FF 0.0 0.0 s
confirmatory crossing_0.75_blue CC -1.88554622 0.4 s
confirmatory head_on_0.75_blue CC -0.79815015 0.5 s
confirmatory crossing_0.75_blue FC 0.0 12.2 s
confirmatory parallel_0.75_blue FC 1.32976094 22.6 s
confirmatory head_on_0.75_blue FC 5.61655207 35.6 s
confirmatory crossing_0.75_blue CF -4.9549373 25.5 s
confirmatory crossing_0.75_red FF 0.0 0.0 s
confirmatory crossing_0.75_red CC 1.88554622 0.4 s
confirmatory parallel_0.75_blue CF -5.31186011 45.0 s
confirmatory parallel_0.75_red FF 0.46214756 0.0 s
confirmatory parallel_0.75_red CC 1.04120775 0.5 s
confirmatory crossing_0.75_red FC 4.9549373 32.5 s
confirmatory head_on_0.75_blue CF -7.05810697 50.6 s
confirmatory crossing_0.75_red CF -0.0 9.6 s
confirmatory head_on_0.75_red FF 0.1667965 0.0 s
confirmatory head_on_0.75_red CC 0.79815015 0.5 s
confirmatory crossing_0.9_blue FF 0.0 0.0 s
confirmatory crossing_0.9_blue CC -0.86280243 0.4 s
confirmatory crossing_0.9_blue FC 0.67812144 10.7 s
confirmatory parallel_0.75_red FC 5.31655754 35.6 s
confirmatory head_on_0.75_red FC 7.05810697 30.3 s
confirmatory crossing_0.9_blue CF -3.32328518 16.9 s
confirmatory parallel_0.75_red CF -1.32976094 15.2 s
confirmatory crossing_0.9_red FF 0.0 0.0 s
confirmatory crossing_0.9_red CC 0.86280243 0.3 s
confirmatory head_on_0.75_red CF -5.61655207 25.1 s
confirmatory crossing_0.9_red FC 3.32328518 16.8 s
confirmatory head_on_0.9_blue FF 0.19658618 0.0 s
confirmatory head_on_0.9_blue CC -0.03487791 0.5 s
confirmatory crossing_0.9_red CF -0.67812144 9.8 s
confirmatory crossing_1.1_blue FF 0.0 0.0 s
confirmatory crossing_1.1_blue CC 0.48406695 0.3 s
confirmatory head_on_0.9_blue FC 4.4226873 19.7 s
confirmatory crossing_1.1_blue FC 2.37304696 16.5 s
confirmatory crossing_1.1_blue CF -1.04197339 10.1 s
confirmatory crossing_1.1_red FF 0.0 0.0 s
confirmatory crossing_1.1_red CC -0.48406695 0.3 s
confirmatory crossing_1.1_red FC 1.04197339 8.4 s
confirmatory head_on_0.9_blue CF -6.24163583 41.3 s
confirmatory head_on_0.9_red FF -0.19658618 0.0 s
confirmatory head_on_0.9_red CC 0.03487791 0.4 s
confirmatory crossing_1.1_red CF -2.37304696 14.4 s
confirmatory crossing_1.25_blue FF 0.97913077 0.0 s
confirmatory crossing_1.25_blue CC 1.62215706 0.3 s
confirmatory head_on_0.9_red FC 6.24163583 23.6 s
confirmatory crossing_1.25_blue FC 4.96337742 30.7 s
confirmatory head_on_0.9_red CF -4.4226873 18.5 s
confirmatory head_on_1.1_blue FF 0.73858672 0.0 s
confirmatory head_on_1.1_blue CC 1.48324348 0.4 s
confirmatory crossing_1.25_blue CF -1.02958821 13.7 s
confirmatory crossing_1.25_red FF -0.97913077 0.0 s
confirmatory crossing_1.25_red CC -1.62215706 0.3 s
confirmatory crossing_1.25_red FC 1.02958821 14.3 s
confirmatory head_on_1.1_blue FC 6.42949058 43.1 s
confirmatory crossing_1.25_red CF -4.96337742 24.7 s
confirmatory head_on_1.1_blue CF -3.21513397 13.5 s
confirmatory head_on_1.1_red FF -0.73858672 0.0 s
confirmatory head_on_1.1_red CC -1.48324348 0.3 s
confirmatory head_on_1.1_red FC 3.21513397 13.0 s
confirmatory head_on_1.1_red CF -6.42949058 36.6 s
confirmatory head_on_1.25_blue FF -0.1513184 0.0 s
confirmatory head_on_1.25_blue CC -0.35264426 0.4 s
confirmatory head_on_1.25_blue FC 5.40043475 26.1 s
confirmatory head_on_1.25_blue CF -4.45062684 17.9 s
confirmatory head_on_1.25_red FF 0.1513184 0.0 s
confirmatory head_on_1.25_red CC 0.35264426 0.4 s
confirmatory head_on_1.25_red FC 4.45062684 28.4 s
confirmatory head_on_1.25_red CF -5.40043475 29.0 s
