discovery parallel_0.7_blue FF -0.48763082 0.0 s
discovery parallel_0.7_blue CC -1.32551803 0.4 s
discovery head_on_0.7_blue FF -0.36074451 0.0 s
discovery crossing_0.7_blue FF 0.0 0.0 s
discovery crossing_0.7_blue CC -1.78588282 0.4 s
discovery head_on_0.7_blue CC -0.14622378 0.4 s
discovery crossing_0.7_blue FC 0.0 8.6 s
discovery parallel_0.7_blue FC 1.02647303 10.7 s
discovery head_on_0.7_blue FC 5.98530235 24.2 s
discovery crossing_0.7_blue CF -5.03514872 20.9 s
discovery parallel_0.7_blue CF -4.8238087 22.3 s
discovery crossing_0.7_red FF 0.0 0.0 s
discovery crossing_0.7_red CC 1.78588282 0.4 s
discovery parallel_0.7_red FF 0.48763082 0.0 s
discovery parallel_0.7_red CC 1.32551803 0.6 s
discovery head_on_0.7_blue CF -6.69325553 34.4 s
discovery crossing_0.7_red FC 5.03514872 22.1 s
discovery head_on_0.7_red FF 0.36074451 0.0 s
discovery head_on_0.7_red CC 0.14622378 0.3 s
discovery parallel_0.7_red FC 4.8238087 27.6 s
discovery crossing_0.7_red CF -0.0 8.6 s
discovery crossing_0.85_blue FF 0.0 0.0 s
discovery crossing_0.85_blue CC -0.99255507 0.4 s
discovery parallel_0.7_red CF -1.02647303 12.2 s
discovery crossing_0.85_blue FC 0.3701934 8.7 s
discovery parallel_0.85_blue FF 0.0 0.0 s
discovery parallel_0.85_blue CC -0.67423034 0.5 s
discovery crossing_0.85_blue CF -3.90336794 18.7 s
discovery parallel_0.85_blue FC 2.20043222 18.4 s
discovery crossing_0.85_red FF 0.0 0.0 s
discovery crossing_0.85_red CC 0.99255507 0.3 s
discovery head_on_0.7_red FC 6.69325553 49.3 s
discovery parallel_0.85_blue CF -4.57852344 22.7 s
discovery crossing_0.85_red FC 3.90336794 20.9 s
discovery parallel_0.85_red FF 0.0 0.0 s
discovery parallel_0.85_red CC 0.67423034 0.4 s
discovery crossing_0.85_red CF -0.3701934 9.0 s
discovery head_on_0.7_red CF -5.98530235 33.1 s
discovery crossing_1_blue FF 0.0 0.0 s
discovery crossing_1_blue CC -0.0 0.4 s
discovery head_on_0.85_blue FF 0.66885162 0.0 s
discovery head_on_0.85_blue CC 0.23498781 0.4 s
discovery parallel_0.85_red FC 4.57852344 17.7 s
discovery crossing_1_blue FC 2.52575616 15.3 s
discovery parallel_0.85_red CF -2.20043222 20.1 s
discovery crossing_1_blue CF -2.52575616 16.2 s
discovery parallel_1_blue FF 0.0 0.0 s
discovery parallel_1_blue CC 0.0 0.5 s
discovery head_on_0.85_blue FC 6.81606954 33.7 s
discovery crossing_1_red FF 0.0 0.0 s
discovery crossing_1_red CC -0.0 0.5 s
discovery crossing_1_red FC 2.52575616 21.3 s
discovery parallel_1_blue FC 3.40657372 33.6 s
discovery crossing_1_red CF -2.52575616 15.5 s
discovery head_on_0.85_blue CF -6.38109591 47.6 s
discovery crossing_1.15_blue FF -0.19579914 0.0 s
discovery crossing_1.15_blue CC 0.90200274 0.4 s
discovery head_on_0.85_red FF -0.66885162 0.0 s
discovery head_on_0.85_red CC -0.23498781 0.4 s
discovery parallel_1_blue CF -3.40657372 34.6 s
discovery crossing_1.15_blue FC 2.78715841 19.8 s
discovery parallel_1_red FF 0.0 0.0 s
discovery parallel_1_red CC 0.0 0.5 s
discovery crossing_1.15_blue CF -1.08456252 15.4 s
discovery crossing_1.15_red FF 0.19579914 0.0 s
discovery crossing_1.15_red CC -0.90200274 0.5 s
discovery parallel_1_red FC 3.40657372 26.1 s
discovery crossing_1.15_red FC 1.08456252 15.8 s
discovery head_on_0.85_red FC 6.38109591 55.8 s
discovery parallel_1_red CF -3.40657372 35.3 s
discovery head_on_0.85_red CF -6.81606954 31.2 s
discovery parallel_1.15_blue FF 0.39275157 0.0 s
discovery parallel_1.15_blue CC 1.06512819 0.5 s
discovery crossing_1.15_red CF -2.78715841 40.4 s
discovery head_on_1_blue FF 0.0 0.0 s
discovery head_on_1_blue CC 0.0 0.5 s
discovery crossing_1.3_blue FF 0.90576982 0.0 s
discovery crossing_1.3_blue CC 2.040966 0.4 s
discovery parallel_1.15_blue FC 5.2757725 26.8 s
discovery crossing_1.3_blue FC 4.819728 26.1 s
discovery head_on_1_blue FC 5.34841168 38.9 s
discovery crossing_1.3_blue CF -0.99356227 19.4 s
discovery parallel_1.15_blue CF -2.52234308 39.2 s
discovery crossing_1.3_red FF -0.90576982 0.0 s
discovery crossing_1.3_red CC -2.040966 0.4 s
discovery parallel_1.15_red FF -0.39275157 0.0 s
discovery parallel_1.15_red CC -1.06512819 0.4 s
discovery head_on_1_blue CF -5.34841168 33.6 s
discovery crossing_1.3_red FC 0.99356227 16.9 s
discovery head_on_1_red FF 0.0 0.0 s
discovery head_on_1_red CC 0.0 0.5 s
discovery parallel_1.15_red FC 2.52234308 30.7 s
discovery crossing_1.3_red CF -4.819728 20.6 s
discovery head_on_1_red FC 5.34841168 37.1 s
discovery parallel_1.15_red CF -5.2757725 32.9 s
discovery parallel_1.3_blue FF 0.0 0.0 s
discovery parallel_1.3_blue CC 1.8707752 0.4 s
discovery head_on_1_red CF -5.34841168 32.8 s
discovery head_on_1.15_blue FF -0.49324343 0.0 s
discovery head_on_1.15_blue CC 1.62500951 0.5 s
discovery parallel_1.3_blue FC 5.74575548 23.3 s
discovery parallel_1.3_blue CF -1.89768762 15.7 s
discovery parallel_1.3_red FF 0.0 0.0 s
discovery parallel_1.3_red CC -1.8707752 0.5 s
discovery head_on_1.15_blue FC 7.01548369 31.5 s
discovery parallel_1.3_red FC 1.89768762 13.9 s
discovery head_on_1.15_blue CF -3.96521555 19.8 s
discovery head_on_1.15_red FF 0.49324343 0.0 s
discovery head_on_1.15_red CC -1.62500951 0.4 s
discovery parallel_1.3_red CF -5.74575548 24.6 s
discovery head_on_1.15_red FC 3.96521555 18.2 s
discovery head_on_1.15_red CF -7.01548369 24.7 s
discovery head_on_1.3_blue FF -0.04861233 0.0 s
discovery head_on_1.3_blue CC -0.23757901 0.5 s
discovery head_on_1.3_blue FC 5.501329 37.6 s
discovery head_on_1.3_blue CF -4.68901116 38.3 s
discovery head_on_1.3_red FF 0.04861233 0.0 s
discovery head_on_1.3_red CC 0.23757901 0.5 s
discovery head_on_1.3_red FC 4.68901116 37.7 s
discovery head_on_1.3_red CF -5.501329 37.7 s
discovery complete 15 focal cells plus independent mirrors
