\BOOKMARK [1][-]{section.1}{\376\377\137\025\212\000}{}% 1
\BOOKMARK [2][-]{subsection.1.1}{\376\377\215\041\163\056}{section.1}% 2
\BOOKMARK [1][-]{section.2}{\376\377\166\370\121\163\135\345\117\134}{}% 3
\BOOKMARK [1][-]{section.3}{\376\377\123\357\133\241\213\241\211\304\122\031\137\025\144\316\117\134\116\072\171\321\133\146\116\352\126\150}{}% 4
\BOOKMARK [2][-]{subsection.3.1}{\376\377\000E\0000\0000\377\032\232\214\145\066\133\241\213\241}{section.3}% 5
\BOOKMARK [1][-]{section.4}{\376\377\173\054\116\000\134\102\377\032\150\041\121\306\145\271\124\021\140\047\160\153\122\233\150\070\377\010\000E\0000\0001\377\011}{}% 6
\BOOKMARK [2][-]{subsection.4.1}{\376\377\133\232\116\111}{section.4}% 7
\BOOKMARK [2][-]{subsection.4.2}{\376\377\123\315\157\024\116\016\123\072\225\364\122\040\131\061\126\336\137\122\150\041\121\306}{section.4}% 8
\BOOKMARK [2][-]{subsection.4.3}{\376\377\176\323\147\234\377\010\000E\0000\0001\377\011}{section.4}% 9
\BOOKMARK [1][-]{section.5}{\376\377\173\054\116\214\134\102\377\032\142\177\213\372\147\072\122\250\123\132\137\010\377\010\000E\0000\0002\377\011}{}% 10
\BOOKMARK [2][-]{subsection.5.1}{\376\377\226\115\176\364\162\266\140\001}{section.5}% 11
\BOOKMARK [2][-]{subsection.5.2}{\376\377\173\200\136\166\124\175\230\230}{section.5}% 12
\BOOKMARK [2][-]{subsection.5.3}{\376\377\137\000\163\257\377\010\142\177\213\372\377\011\147\201\134\017\147\201\131\047}{section.5}% 13
\BOOKMARK [2][-]{subsection.5.4}{\376\377\176\323\147\234\377\032\142\030\147\057\123\072\225\364\116\016\220\037\136\246\166\204\116\367\120\074}{section.5}% 14
\BOOKMARK [1][-]{section.6}{\376\377\234\174\226\367\147\072\122\250\122\145\131\072\377\010\000E\0000\0004\377\011}{}% 15
\BOOKMARK [1][-]{section.7}{\376\377\137\025\144\316\127\050\163\257\232\214\213\301\377\010\000E\0000\0006\377\011}{}% 16
\BOOKMARK [1][-]{section.8}{\376\377\121\340\117\125\213\361\133\374\116\244\142\030\177\121\176\334\377\032\116\000\230\171\211\304\203\003\122\006\147\220\377\010\000E\0000\0005\377\011}{}% 17
\BOOKMARK [1][-]{section.9}{\376\377\213\250\213\272}{}% 18
\BOOKMARK [1][-]{section.10}{\376\377\123\357\131\015\163\260\140\047}{}% 19
\BOOKMARK [1][-]{section.11}{\376\377\176\323\213\272}{}% 20
\BOOKMARK [1][-]{section.A}{\376\377\142\337\124\010\215\335\171\273\117\356\153\143\221\317\116\016\137\025\144\316\136\046\166\204\133\371\161\147}{}% 21
\BOOKMARK [1][-]{section.B}{\376\377\220\020\202\060\171\315\150\070\126\376\377\010\000D\000D\060\001\000C\000L\060\001\000B\000B\377\011}{}% 22
