head_on_v0.85_d16_T6_G3_none blue C 31 certified_numeric 31.8
head_on_v0.85_d16_T6_G3_none blue C 0 certified_numeric 2.1
head_on_v0.85_d16_T6_G3_none blue C 1 certified_numeric 3.1
head_on_v0.85_d16_T6_G3_none blue C 2 certified_numeric 3.1
head_on_v0.85_d16_T6_G3_none blue C 3 certified_numeric 3.1
head_on_v0.85_d16_T6_G3_none blue C 4 certified_numeric 3.1
head_on_v0.85_d16_T6_G3_none blue C 5 certified_numeric 3.1
head_on_v0.85_d16_T6_G3_none blue C 6 certified_numeric 3.1
head_on_v0.85_d16_T6_G3_none blue C 7 certified_numeric 3.1
head_on_v0.85_d16_T6_G3_none blue C 8 certified_numeric 4.1
head_on_v0.85_d16_T6_G3_none blue C 9 certified_numeric 5.1
head_on_v0.85_d16_T6_G3_none blue C 10 certified_numeric 7.2
head_on_v0.85_d16_T6_G3_none blue C 11 certified_numeric 5.1
head_on_v0.85_d16_T6_G3_none blue C 12 certified_numeric 5.1
head_on_v0.85_d16_T6_G3_none blue C 13 certified_numeric 4.1
head_on_v0.85_d16_T6_G3_none blue C 14 certified_numeric 5.1
head_on_v0.85_d16_T6_G3_none blue C 15 certified_numeric 5.1
head_on_v0.85_d16_T6_G3_none blue C 16 certified_numeric 26.6
head_on_v0.85_d16_T6_G3_none blue C 17 certified_numeric 22.5
head_on_v0.85_d16_T6_G3_none blue C 18 certified_numeric 37.9
head_on_v0.85_d16_T6_G3_none blue C 19 certified_numeric 25.6
head_on_v0.85_d16_T6_G3_none blue C 20 certified_numeric 34.8
head_on_v0.85_d16_T6_G3_none blue C 21 certified_numeric 39.9
head_on_v0.85_d16_T6_G3_none blue C 22 certified_numeric 38.8
head_on_v0.85_d16_T6_G3_none blue C 23 certified_numeric 39.8
head_on_v0.85_d16_T6_G3_none blue C 24 certified_numeric 26.6
head_on_v0.85_d16_T6_G3_none blue C 25 certified_numeric 24.5
head_on_v0.85_d16_T6_G3_none blue C 26 certified_numeric 31.7
head_on_v0.85_d16_T6_G3_none blue C 27 certified_numeric 24.5
head_on_v0.85_d16_T6_G3_none blue C 28 certified_numeric 31.7
head_on_v0.85_d16_T6_G3_none blue C 29 certified_numeric 26.6
head_on_v0.85_d16_T6_G3_none blue C 30 certified_numeric 37.9
head_on_v0.85_d16_T6_G3_none blue F 31 certified_numeric 1.0
head_on_v0.85_d16_T6_G3_none blue F 0 certified_numeric 48.3
head_on_v0.85_d16_T6_G3_none blue F 1 certified_numeric 8.2
head_on_v0.85_d16_T6_G3_none blue F 2 certified_numeric 5.1
head_on_v0.85_d16_T6_G3_none blue F 3 certified_numeric 5.1
head_on_v0.85_d16_T6_G3_none blue F 4 certified_numeric 6.1
head_on_v0.85_d16_T6_G3_none blue F 5 certified_numeric 6.1
head_on_v0.85_d16_T6_G3_none blue F 6 certified_numeric 6.1
head_on_v0.85_d16_T6_G3_none blue F 7 certified_numeric 6.1
head_on_v0.85_d16_T6_G3_none blue F 8 certified_numeric 15.4
head_on_v0.85_d16_T6_G3_none blue F 9 certified_numeric 15.4
head_on_v0.85_d16_T6_G3_none blue F 10 certified_numeric 15.4
head_on_v0.85_d16_T6_G3_none blue F 11 certified_numeric 15.4
head_on_v0.85_d16_T6_G3_none blue F 12 certified_numeric 15.4
head_on_v0.85_d16_T6_G3_none blue F 13 certified_numeric 14.3
head_on_v0.85_d16_T6_G3_none blue F 14 certified_numeric 14.3
head_on_v0.85_d16_T6_G3_none blue F 15 certified_numeric 14.3
head_on_v0.85_d16_T6_G3_none blue F 16 certified_numeric 2.1
head_on_v0.85_d16_T6_G3_none blue F 17 certified_numeric 2.1
head_on_v0.85_d16_T6_G3_none blue F 18 certified_numeric 2.1
head_on_v0.85_d16_T6_G3_none blue F 19 certified_numeric 2.1
head_on_v0.85_d16_T6_G3_none blue F 20 certified_numeric 3.1
head_on_v0.85_d16_T6_G3_none blue F 21 certified_numeric 3.1
head_on_v0.85_d16_T6_G3_none blue F 22 certified_numeric 3.1
head_on_v0.85_d16_T6_G3_none blue F 23 certified_numeric 3.1
head_on_v0.85_d16_T6_G3_none blue F 24 certified_numeric 1.0
head_on_v0.85_d16_T6_G3_none blue F 25 certified_numeric 1.0
head_on_v0.85_d16_T6_G3_none blue F 26 certified_numeric 1.0
head_on_v0.85_d16_T6_G3_none blue F 27 certified_numeric 1.0
head_on_v0.85_d16_T6_G3_none blue F 28 certified_numeric 1.0
head_on_v0.85_d16_T6_G3_none blue F 29 certified_numeric 1.0
head_on_v0.85_d16_T6_G3_none blue F 30 certified_numeric 1.0
head_on_v1_d16_T6_G3_none blue C 31 certified_numeric 41.0
head_on_v1_d16_T6_G3_none blue C 0 certified_numeric 2.1
head_on_v1_d16_T6_G3_none blue C 1 certified_numeric 2.0
head_on_v1_d16_T6_G3_none blue C 2 certified_numeric 3.1
head_on_v1_d16_T6_G3_none blue C 3 certified_numeric 3.1
head_on_v1_d16_T6_G3_none blue C 4 certified_numeric 3.1
head_on_v1_d16_T6_G3_none blue C 5 certified_numeric 3.1
head_on_v1_d16_T6_G3_none blue C 6 certified_numeric 3.1
head_on_v1_d16_T6_G3_none blue C 7 certified_numeric 3.1
head_on_v1_d16_T6_G3_none blue C 8 certified_numeric 4.1
head_on_v1_d16_T6_G3_none blue C 9 certified_numeric 4.1
head_on_v1_d16_T6_G3_none blue C 10 certified_numeric 5.1
head_on_v1_d16_T6_G3_none blue C 11 certified_numeric 5.1
head_on_v1_d16_T6_G3_none blue C 12 certified_numeric 4.1
head_on_v1_d16_T6_G3_none blue C 13 certified_numeric 4.1
head_on_v1_d16_T6_G3_none blue C 14 certified_numeric 6.1
head_on_v1_d16_T6_G3_none blue C 15 certified_numeric 5.1
head_on_v1_d16_T6_G3_none blue C 16 certified_numeric 16.4
head_on_v1_d16_T6_G3_none blue C 17 certified_numeric 25.7
head_on_v1_d16_T6_G3_none blue C 18 certified_numeric 21.5
head_on_v1_d16_T6_G3_none blue C 19 certified_numeric 31.8
head_on_v1_d16_T6_G3_none blue C 20 certified_numeric 14.4
head_on_v1_d16_T6_G3_none blue C 21 certified_numeric 25.6
head_on_v1_d16_T6_G3_none blue C 22 certified_numeric 34.9
head_on_v1_d16_T6_G3_none blue C 23 certified_numeric 26.7
head_on_v1_d16_T6_G3_none blue C 24 certified_numeric 12.3
head_on_v1_d16_T6_G3_none blue C 25 certified_numeric 33.9
head_on_v1_d16_T6_G3_none blue C 26 certified_numeric 21.5
head_on_v1_d16_T6_G3_none blue C 27 certified_numeric 30.7
head_on_v1_d16_T6_G3_none blue C 28 certified_numeric 20.5
head_on_v1_d16_T6_G3_none blue C 29 certified_numeric 36.8
head_on_v1_d16_T6_G3_none blue C 30 certified_numeric 43.0
head_on_v1_d16_T6_G3_none blue F 31 certified_numeric 1.0
head_on_v1_d16_T6_G3_none blue F 0 certified_numeric 34.9
head_on_v1_d16_T6_G3_none blue F 1 certified_numeric 4.1
head_on_v1_d16_T6_G3_none blue F 2 certified_numeric 5.1
head_on_v1_d16_T6_G3_none blue F 3 certified_numeric 5.1
head_on_v1_d16_T6_G3_none blue F 4 certified_numeric 6.1
head_on_v1_d16_T6_G3_none blue F 5 certified_numeric 6.2
head_on_v1_d16_T6_G3_none blue F 6 certified_numeric 6.1
head_on_v1_d16_T6_G3_none blue F 7 certified_numeric 6.2
head_on_v1_d16_T6_G3_none blue F 8 certified_numeric 15.4
head_on_v1_d16_T6_G3_none blue F 9 certified_numeric 15.3
head_on_v1_d16_T6_G3_none blue F 10 certified_numeric 15.4
head_on_v1_d16_T6_G3_none blue F 11 certified_numeric 15.4
head_on_v1_d16_T6_G3_none blue F 12 certified_numeric 15.4
head_on_v1_d16_T6_G3_none blue F 13 certified_numeric 14.4
head_on_v1_d16_T6_G3_none blue F 14 certified_numeric 14.4
head_on_v1_d16_T6_G3_none blue F 15 certified_numeric 15.4
head_on_v1_d16_T6_G3_none blue F 16 certified_numeric 2.1
head_on_v1_d16_T6_G3_none blue F 17 certified_numeric 1.0
head_on_v1_d16_T6_G3_none blue F 18 certified_numeric 2.1
head_on_v1_d16_T6_G3_none blue F 19 certified_numeric 2.1
head_on_v1_d16_T6_G3_none blue F 20 certified_numeric 3.1
head_on_v1_d16_T6_G3_none blue F 21 certified_numeric 3.1
head_on_v1_d16_T6_G3_none blue F 22 certified_numeric 3.1
head_on_v1_d16_T6_G3_none blue F 23 certified_numeric 3.1
head_on_v1_d16_T6_G3_none blue F 24 certified_numeric 1.0
head_on_v1_d16_T6_G3_none blue F 25 certified_numeric 1.0
head_on_v1_d16_T6_G3_none blue F 26 certified_numeric 1.0
head_on_v1_d16_T6_G3_none blue F 27 certified_numeric 1.0
head_on_v1_d16_T6_G3_none blue F 28 certified_numeric 1.0
head_on_v1_d16_T6_G3_none blue F 29 certified_numeric 1.0
head_on_v1_d16_T6_G3_none blue F 30 certified_numeric 1.0
head_on_v1_d16_T6_G3_none red C 31 certified_numeric 35.9
head_on_v1_d16_T6_G3_none red C 0 certified_numeric 2.1
head_on_v1_d16_T6_G3_none red C 1 certified_numeric 2.1
head_on_v1_d16_T6_G3_none red C 2 certified_numeric 3.1
head_on_v1_d16_T6_G3_none red C 3 certified_numeric 3.1
head_on_v1_d16_T6_G3_none red C 4 certified_numeric 3.1
head_on_v1_d16_T6_G3_none red C 5 certified_numeric 3.1
head_on_v1_d16_T6_G3_none red C 6 certified_numeric 3.1
head_on_v1_d16_T6_G3_none red C 7 certified_numeric 3.1
head_on_v1_d16_T6_G3_none red C 8 certified_numeric 4.1
head_on_v1_d16_T6_G3_none red C 9 certified_numeric 4.1
head_on_v1_d16_T6_G3_none red C 10 certified_numeric 5.1
head_on_v1_d16_T6_G3_none red C 11 certified_numeric 5.1
head_on_v1_d16_T6_G3_none red C 12 certified_numeric 4.1
head_on_v1_d16_T6_G3_none red C 13 certified_numeric 5.1
head_on_v1_d16_T6_G3_none red C 14 certified_numeric 6.1
head_on_v1_d16_T6_G3_none red C 15 certified_numeric 5.1
head_on_v1_d16_T6_G3_none red C 16 certified_numeric 15.4
head_on_v1_d16_T6_G3_none red C 17 certified_numeric 25.6
head_on_v1_d16_T6_G3_none red C 18 certified_numeric 30.7
head_on_v1_d16_T6_G3_none red C 19 certified_numeric 25.7
head_on_v1_d16_T6_G3_none red C 20 certified_numeric 20.5
head_on_v1_d16_T6_G3_none red C 21 certified_numeric 23.6
head_on_v1_d16_T6_G3_none red C 22 certified_numeric 27.7
head_on_v1_d16_T6_G3_none red C 23 certified_numeric 28.7
head_on_v1_d16_T6_G3_none red C 24 certified_numeric 11.3
head_on_v1_d16_T6_G3_none red C 25 certified_numeric 28.7
head_on_v1_d16_T6_G3_none red C 26 certified_numeric 23.6
head_on_v1_d16_T6_G3_none red C 27 certified_numeric 30.7
head_on_v1_d16_T6_G3_none red C 28 certified_numeric 18.5
head_on_v1_d16_T6_G3_none red C 29 certified_numeric 41.0
head_on_v1_d16_T6_G3_none red C 30 certified_numeric 48.6
head_on_v1_d16_T6_G3_none red F 31 certified_numeric 1.0
head_on_v1_d16_T6_G3_none red F 0 certified_numeric 39.9
head_on_v1_d16_T6_G3_none red F 1 certified_numeric 3.1
head_on_v1_d16_T6_G3_none red F 2 certified_numeric 5.1
head_on_v1_d16_T6_G3_none red F 3 certified_numeric 5.1
head_on_v1_d16_T6_G3_none red F 4 certified_numeric 6.1
head_on_v1_d16_T6_G3_none red F 5 certified_numeric 6.1
head_on_v1_d16_T6_G3_none red F 6 certified_numeric 6.1
head_on_v1_d16_T6_G3_none red F 7 certified_numeric 6.1
head_on_v1_d16_T6_G3_none red F 8 certified_numeric 14.3
head_on_v1_d16_T6_G3_none red F 9 certified_numeric 14.4
head_on_v1_d16_T6_G3_none red F 10 certified_numeric 15.4
head_on_v1_d16_T6_G3_none red F 11 certified_numeric 15.4
head_on_v1_d16_T6_G3_none red F 12 certified_numeric 15.4
head_on_v1_d16_T6_G3_none red F 13 certified_numeric 15.4
head_on_v1_d16_T6_G3_none red F 14 certified_numeric 14.3
head_on_v1_d16_T6_G3_none red F 15 certified_numeric 14.3
head_on_v1_d16_T6_G3_none red F 16 certified_numeric 2.0
head_on_v1_d16_T6_G3_none red F 17 certified_numeric 1.0
head_on_v1_d16_T6_G3_none red F 18 certified_numeric 2.0
head_on_v1_d16_T6_G3_none red F 19 certified_numeric 2.0
head_on_v1_d16_T6_G3_none red F 20 certified_numeric 3.1
head_on_v1_d16_T6_G3_none red F 21 certified_numeric 3.1
head_on_v1_d16_T6_G3_none red F 22 certified_numeric 3.1
head_on_v1_d16_T6_G3_none red F 23 certified_numeric 3.1
head_on_v1_d16_T6_G3_none red F 24 certified_numeric 1.0
head_on_v1_d16_T6_G3_none red F 25 certified_numeric 1.0
head_on_v1_d16_T6_G3_none red F 26 certified_numeric 1.0
head_on_v1_d16_T6_G3_none red F 27 certified_numeric 1.0
head_on_v1_d16_T6_G3_none red F 28 certified_numeric 1.0
head_on_v1_d16_T6_G3_none red F 29 certified_numeric 1.0
head_on_v1_d16_T6_G3_none red F 30 certified_numeric 1.0
head_on_v1.15_d16_T6_G3_none blue C 31 certified_numeric 34.8
head_on_v1.15_d16_T6_G3_none blue C 0 certified_numeric 2.1
head_on_v1.15_d16_T6_G3_none blue C 1 certified_numeric 3.1
head_on_v1.15_d16_T6_G3_none blue C 2 certified_numeric 2.1
head_on_v1.15_d16_T6_G3_none blue C 3 certified_numeric 3.1
head_on_v1.15_d16_T6_G3_none blue C 4 certified_numeric 3.1
head_on_v1.15_d16_T6_G3_none blue C 5 certified_numeric 3.1
head_on_v1.15_d16_T6_G3_none blue C 6 certified_numeric 3.1
head_on_v1.15_d16_T6_G3_none blue C 7 certified_numeric 3.1
head_on_v1.15_d16_T6_G3_none blue C 8 certified_numeric 4.1
head_on_v1.15_d16_T6_G3_none blue C 9 certified_numeric 5.1
head_on_v1.15_d16_T6_G3_none blue C 10 certified_numeric 5.1
head_on_v1.15_d16_T6_G3_none blue C 11 certified_numeric 6.1
head_on_v1.15_d16_T6_G3_none blue C 12 certified_numeric 4.1
head_on_v1.15_d16_T6_G3_none blue C 13 certified_numeric 6.1
head_on_v1.15_d16_T6_G3_none blue C 14 certified_numeric 5.1
head_on_v1.15_d16_T6_G3_none blue C 15 certified_numeric 6.1
head_on_v1.15_d16_T6_G3_none blue C 16 certified_numeric 15.3
head_on_v1.15_d16_T6_G3_none blue C 17 certified_numeric 14.3
head_on_v1.15_d16_T6_G3_none blue C 18 certified_numeric 17.4
head_on_v1.15_d16_T6_G3_none blue C 19 certified_numeric 32.7
head_on_v1.15_d16_T6_G3_none blue C 20 certified_numeric 20.5
head_on_v1.15_d16_T6_G3_none blue C 21 certified_numeric 31.7
head_on_v1.15_d16_T6_G3_none blue C 22 certified_numeric 22.6
head_on_v1.15_d16_T6_G3_none blue C 23 certified_numeric 37.1
head_on_v1.15_d16_T6_G3_none blue C 24 certified_numeric 22.5
head_on_v1.15_d16_T6_G3_none blue C 25 certified_numeric 28.7
head_on_v1.15_d16_T6_G3_none blue C 26 certified_numeric 19.4
head_on_v1.15_d16_T6_G3_none blue C 27 certified_numeric 32.7
head_on_v1.15_d16_T6_G3_none blue C 28 certified_numeric 18.4
head_on_v1.15_d16_T6_G3_none blue C 29 certified_numeric 32.7
head_on_v1.15_d16_T6_G3_none blue C 30 certified_numeric 23.6
head_on_v1.15_d16_T6_G3_none blue F 31 certified_numeric 1.0
head_on_v1.15_d16_T6_G3_none blue F 0 certified_numeric 22.5
head_on_v1.15_d16_T6_G3_none blue F 1 certified_numeric 5.1
head_on_v1.15_d16_T6_G3_none blue F 2 certified_numeric 3.1
head_on_v1.15_d16_T6_G3_none blue F 3 certified_numeric 3.1
head_on_v1.15_d16_T6_G3_none blue F 4 certified_numeric 6.1
head_on_v1.15_d16_T6_G3_none blue F 5 certified_numeric 6.1
head_on_v1.15_d16_T6_G3_none blue F 6 certified_numeric 6.1
head_on_v1.15_d16_T6_G3_none blue F 7 certified_numeric 6.1
head_on_v1.15_d16_T6_G3_none blue F 8 certified_numeric 14.3
head_on_v1.15_d16_T6_G3_none blue F 9 certified_numeric 14.3
head_on_v1.15_d16_T6_G3_none blue F 10 certified_numeric 15.4
head_on_v1.15_d16_T6_G3_none blue F 11 certified_numeric 15.3
head_on_v1.15_d16_T6_G3_none blue F 12 certified_numeric 15.3
head_on_v1.15_d16_T6_G3_none blue F 13 certified_numeric 15.3
head_on_v1.15_d16_T6_G3_none blue F 14 certified_numeric 15.3
head_on_v1.15_d16_T6_G3_none blue F 15 certified_numeric 15.3
head_on_v1.15_d16_T6_G3_none blue F 16 certified_numeric 2.0
head_on_v1.15_d16_T6_G3_none blue F 17 certified_numeric 2.0
head_on_v1.15_d16_T6_G3_none blue F 18 certified_numeric 2.0
head_on_v1.15_d16_T6_G3_none blue F 19 certified_numeric 2.0
head_on_v1.15_d16_T6_G3_none blue F 20 certified_numeric 3.1
head_on_v1.15_d16_T6_G3_none blue F 21 certified_numeric 3.1
head_on_v1.15_d16_T6_G3_none blue F 22 certified_numeric 3.1
head_on_v1.15_d16_T6_G3_none blue F 23 certified_numeric 3.1
head_on_v1.15_d16_T6_G3_none blue F 24 certified_numeric 1.0
head_on_v1.15_d16_T6_G3_none blue F 25 certified_numeric 1.0
head_on_v1.15_d16_T6_G3_none blue F 26 certified_numeric 1.0
head_on_v1.15_d16_T6_G3_none blue F 27 certified_numeric 1.0
head_on_v1.15_d16_T6_G3_none blue F 28 certified_numeric 1.0
head_on_v1.15_d16_T6_G3_none blue F 29 certified_numeric 1.0
head_on_v1.15_d16_T6_G3_none blue F 30 certified_numeric 1.0
parallel_v0.85_d16_T6_G3_none blue C 31 certified_numeric 22.5
parallel_v0.85_d16_T6_G3_none blue C 0 certified_numeric 2.0
parallel_v0.85_d16_T6_G3_none blue C 1 certified_numeric 2.0
parallel_v0.85_d16_T6_G3_none blue C 2 certified_numeric 2.0
parallel_v0.85_d16_T6_G3_none blue C 3 certified_numeric 2.0
parallel_v0.85_d16_T6_G3_none blue C 4 certified_numeric 3.1
parallel_v0.85_d16_T6_G3_none blue C 5 certified_numeric 3.1
parallel_v0.85_d16_T6_G3_none blue C 6 certified_numeric 4.1
parallel_v0.85_d16_T6_G3_none blue C 7 certified_numeric 3.1
parallel_v0.85_d16_T6_G3_none blue C 8 certified_numeric 4.1
parallel_v0.85_d16_T6_G3_none blue C 9 certified_numeric 5.1
parallel_v0.85_d16_T6_G3_none blue C 10 certified_numeric 4.1
parallel_v0.85_d16_T6_G3_none blue C 11 certified_numeric 4.1
parallel_v0.85_d16_T6_G3_none blue C 12 certified_numeric 5.1
parallel_v0.85_d16_T6_G3_none blue C 13 certified_numeric 5.1
parallel_v0.85_d16_T6_G3_none blue C 14 certified_numeric 5.1
parallel_v0.85_d16_T6_G3_none blue C 15 certified_numeric 5.1
parallel_v0.85_d16_T6_G3_none blue C 16 certified_numeric 18.4
parallel_v0.85_d16_T6_G3_none blue C 17 certified_numeric 28.6
parallel_v0.85_d16_T6_G3_none blue C 18 certified_numeric 15.3
parallel_v0.85_d16_T6_G3_none blue C 19 certified_numeric 22.5
parallel_v0.85_d16_T6_G3_none blue C 20 certified_numeric 17.4
parallel_v0.85_d16_T6_G3_none blue C 21 certified_numeric 32.8
parallel_v0.85_d16_T6_G3_none blue C 22 certified_numeric 15.3
parallel_v0.85_d16_T6_G3_none blue C 23 certified_numeric 19.4
parallel_v0.85_d16_T6_G3_none blue C 24 certified_numeric 15.3
parallel_v0.85_d16_T6_G3_none blue C 25 certified_numeric 23.5
parallel_v0.85_d16_T6_G3_none blue C 26 certified_numeric 22.5
parallel_v0.85_d16_T6_G3_none blue C 27 certified_numeric 23.5
parallel_v0.85_d16_T6_G3_none blue C 28 certified_numeric 18.4
parallel_v0.85_d16_T6_G3_none blue C 29 certified_numeric 18.4
parallel_v0.85_d16_T6_G3_none blue C 30 certified_numeric 13.3
parallel_v0.85_d16_T6_G3_none blue F 31 certified_numeric 1.0
parallel_v0.85_d16_T6_G3_none blue F 0 certified_numeric 24.5
parallel_v0.85_d16_T6_G3_none blue F 1 certified_numeric 6.1
parallel_v0.85_d16_T6_G3_none blue F 2 certified_numeric 4.1
parallel_v0.85_d16_T6_G3_none blue F 3 certified_numeric 4.1
parallel_v0.85_d16_T6_G3_none blue F 4 certified_numeric 5.1
parallel_v0.85_d16_T6_G3_none blue F 5 certified_numeric 5.1
parallel_v0.85_d16_T6_G3_none blue F 6 certified_numeric 5.1
parallel_v0.85_d16_T6_G3_none blue F 7 certified_numeric 5.1
parallel_v0.85_d16_T6_G3_none blue F 8 certified_numeric 14.3
parallel_v0.85_d16_T6_G3_none blue F 9 certified_numeric 14.3
parallel_v0.85_d16_T6_G3_none blue F 10 certified_numeric 14.3
parallel_v0.85_d16_T6_G3_none blue F 11 certified_numeric 14.3
parallel_v0.85_d16_T6_G3_none blue F 12 certified_numeric 13.3
parallel_v0.85_d16_T6_G3_none blue F 13 certified_numeric 14.3
parallel_v0.85_d16_T6_G3_none blue F 14 certified_numeric 13.3
parallel_v0.85_d16_T6_G3_none blue F 15 certified_numeric 14.3
parallel_v0.85_d16_T6_G3_none blue F 16 certified_numeric 2.0
parallel_v0.85_d16_T6_G3_none blue F 17 certified_numeric 2.1
parallel_v0.85_d16_T6_G3_none blue F 18 certified_numeric 2.1
parallel_v0.85_d16_T6_G3_none blue F 19 certified_numeric 2.0
parallel_v0.85_d16_T6_G3_none blue F 20 certified_numeric 3.1
parallel_v0.85_d16_T6_G3_none blue F 21 certified_numeric 3.1
parallel_v0.85_d16_T6_G3_none blue F 22 certified_numeric 3.1
parallel_v0.85_d16_T6_G3_none blue F 23 certified_numeric 3.1
parallel_v0.85_d16_T6_G3_none blue F 24 certified_numeric 1.0
parallel_v0.85_d16_T6_G3_none blue F 25 certified_numeric 1.0
parallel_v0.85_d16_T6_G3_none blue F 26 certified_numeric 1.0
parallel_v0.85_d16_T6_G3_none blue F 27 certified_numeric 1.0
parallel_v0.85_d16_T6_G3_none blue F 28 certified_numeric 1.0
parallel_v0.85_d16_T6_G3_none blue F 29 certified_numeric 1.0
parallel_v0.85_d16_T6_G3_none blue F 30 certified_numeric 1.0
parallel_v1_d16_T6_G3_none blue C 31 certified_numeric 27.6
parallel_v1_d16_T6_G3_none blue C 0 certified_numeric 2.0
parallel_v1_d16_T6_G3_none blue C 1 certified_numeric 2.0
parallel_v1_d16_T6_G3_none blue C 2 certified_numeric 3.1
parallel_v1_d16_T6_G3_none blue C 3 certified_numeric 3.1
parallel_v1_d16_T6_G3_none blue C 4 certified_numeric 3.1
parallel_v1_d16_T6_G3_none blue C 5 certified_numeric 3.1
parallel_v1_d16_T6_G3_none blue C 6 certified_numeric 3.1
parallel_v1_d16_T6_G3_none blue C 7 certified_numeric 3.1
parallel_v1_d16_T6_G3_none blue C 8 certified_numeric 4.1
parallel_v1_d16_T6_G3_none blue C 9 certified_numeric 5.1
parallel_v1_d16_T6_G3_none blue C 10 certified_numeric 6.1
parallel_v1_d16_T6_G3_none blue C 11 certified_numeric 5.1
parallel_v1_d16_T6_G3_none blue C 12 certified_numeric 4.1
parallel_v1_d16_T6_G3_none blue C 13 certified_numeric 5.1
parallel_v1_d16_T6_G3_none blue C 14 certified_numeric 6.1
parallel_v1_d16_T6_G3_none blue C 15 certified_numeric 5.1
parallel_v1_d16_T6_G3_none blue C 16 certified_numeric 15.3
parallel_v1_d16_T6_G3_none blue C 17 certified_numeric 27.6
parallel_v1_d16_T6_G3_none blue C 18 certified_numeric 27.6
parallel_v1_d16_T6_G3_none blue C 19 certified_numeric 33.1
parallel_v1_d16_T6_G3_none blue C 20 certified_numeric 22.5
parallel_v1_d16_T6_G3_none blue C 21 certified_numeric 38.0
parallel_v1_d16_T6_G3_none blue C 22 certified_numeric 39.0
parallel_v1_d16_T6_G3_none blue C 23 certified_numeric 24.6
parallel_v1_d16_T6_G3_none blue C 24 certified_numeric 15.4
parallel_v1_d16_T6_G3_none blue C 25 certified_numeric 29.6
parallel_v1_d16_T6_G3_none blue C 26 certified_numeric 28.7
parallel_v1_d16_T6_G3_none blue C 27 certified_numeric 35.9
parallel_v1_d16_T6_G3_none blue C 28 certified_numeric 15.3
parallel_v1_d16_T6_G3_none blue C 29 certified_numeric 20.5
parallel_v1_d16_T6_G3_none blue C 30 certified_numeric 28.7
parallel_v1_d16_T6_G3_none blue F 31 certified_numeric 1.0
parallel_v1_d16_T6_G3_none blue F 0 certified_numeric 33.8
parallel_v1_d16_T6_G3_none blue F 1 certified_numeric 5.1
parallel_v1_d16_T6_G3_none blue F 2 certified_numeric 3.1
parallel_v1_d16_T6_G3_none blue F 3 certified_numeric 3.1
parallel_v1_d16_T6_G3_none blue F 4 certified_numeric 5.1
parallel_v1_d16_T6_G3_none blue F 5 certified_numeric 5.1
parallel_v1_d16_T6_G3_none blue F 6 certified_numeric 5.1
parallel_v1_d16_T6_G3_none blue F 7 certified_numeric 5.3
parallel_v1_d16_T6_G3_none blue F 8 certified_numeric 15.4
parallel_v1_d16_T6_G3_none blue F 9 certified_numeric 14.3
parallel_v1_d16_T6_G3_none blue F 10 certified_numeric 14.3
parallel_v1_d16_T6_G3_none blue F 11 certified_numeric 14.3
parallel_v1_d16_T6_G3_none blue F 12 certified_numeric 14.3
parallel_v1_d16_T6_G3_none blue F 13 certified_numeric 14.3
parallel_v1_d16_T6_G3_none blue F 14 certified_numeric 14.3
parallel_v1_d16_T6_G3_none blue F 15 certified_numeric 14.3
parallel_v1_d16_T6_G3_none blue F 16 certified_numeric 1.0
parallel_v1_d16_T6_G3_none blue F 17 certified_numeric 2.0
parallel_v1_d16_T6_G3_none blue F 18 certified_numeric 2.0
parallel_v1_d16_T6_G3_none blue F 19 certified_numeric 2.1
parallel_v1_d16_T6_G3_none blue F 20 certified_numeric 3.1
parallel_v1_d16_T6_G3_none blue F 21 certified_numeric 3.1
parallel_v1_d16_T6_G3_none blue F 22 certified_numeric 3.1
parallel_v1_d16_T6_G3_none blue F 23 certified_numeric 3.1
parallel_v1_d16_T6_G3_none blue F 24 certified_numeric 1.0
parallel_v1_d16_T6_G3_none blue F 25 certified_numeric 1.0
parallel_v1_d16_T6_G3_none blue F 26 certified_numeric 1.0
parallel_v1_d16_T6_G3_none blue F 27 certified_numeric 1.0
parallel_v1_d16_T6_G3_none blue F 28 certified_numeric 1.0
parallel_v1_d16_T6_G3_none blue F 29 certified_numeric 1.0
parallel_v1_d16_T6_G3_none blue F 30 certified_numeric 1.0
parallel_v1_d16_T6_G3_none red C 31 certified_numeric 33.8
parallel_v1_d16_T6_G3_none red C 0 certified_numeric 2.0
parallel_v1_d16_T6_G3_none red C 1 certified_numeric 2.1
parallel_v1_d16_T6_G3_none red C 2 certified_numeric 3.1
parallel_v1_d16_T6_G3_none red C 3 certified_numeric 2.0
parallel_v1_d16_T6_G3_none red C 4 certified_numeric 3.1
parallel_v1_d16_T6_G3_none red C 5 certified_numeric 3.1
parallel_v1_d16_T6_G3_none red C 6 certified_numeric 3.1
parallel_v1_d16_T6_G3_none red C 7 certified_numeric 3.1
parallel_v1_d16_T6_G3_none red C 8 certified_numeric 4.1
parallel_v1_d16_T6_G3_none red C 9 certified_numeric 4.1
parallel_v1_d16_T6_G3_none red C 10 certified_numeric 5.1
parallel_v1_d16_T6_G3_none red C 11 certified_numeric 5.1
parallel_v1_d16_T6_G3_none red C 12 certified_numeric 5.1
parallel_v1_d16_T6_G3_none red C 13 certified_numeric 7.2
parallel_v1_d16_T6_G3_none red C 14 certified_numeric 6.1
parallel_v1_d16_T6_G3_none red C 15 certified_numeric 7.2
parallel_v1_d16_T6_G3_none red C 16 certified_numeric 13.3
parallel_v1_d16_T6_G3_none red C 17 certified_numeric 26.6
parallel_v1_d16_T6_G3_none red C 18 certified_numeric 18.4
parallel_v1_d16_T6_G3_none red C 19 certified_numeric 26.6
parallel_v1_d16_T6_G3_none red C 20 certified_numeric 18.4
parallel_v1_d16_T6_G3_none red C 21 certified_numeric 36.9
parallel_v1_d16_T6_G3_none red C 22 certified_numeric 31.7
parallel_v1_d16_T6_G3_none red C 23 certified_numeric 36.8
parallel_v1_d16_T6_G3_none red C 24 certified_numeric 12.3
parallel_v1_d16_T6_G3_none red C 25 certified_numeric 38.8
parallel_v1_d16_T6_G3_none red C 26 certified_numeric 25.6
parallel_v1_d16_T6_G3_none red C 27 certified_numeric 31.7
parallel_v1_d16_T6_G3_none red C 28 certified_numeric 18.4
parallel_v1_d16_T6_G3_none red C 29 certified_numeric 19.4
parallel_v1_d16_T6_G3_none red C 30 certified_numeric 36.8
parallel_v1_d16_T6_G3_none red F 31 certified_numeric 1.0
parallel_v1_d16_T6_G3_none red F 0 certified_numeric 26.6
parallel_v1_d16_T6_G3_none red F 1 certified_numeric 5.1
parallel_v1_d16_T6_G3_none red F 2 certified_numeric 4.1
parallel_v1_d16_T6_G3_none red F 3 certified_numeric 4.1
parallel_v1_d16_T6_G3_none red F 4 certified_numeric 5.1
parallel_v1_d16_T6_G3_none red F 5 certified_numeric 5.1
parallel_v1_d16_T6_G3_none red F 6 certified_numeric 6.2
parallel_v1_d16_T6_G3_none red F 7 certified_numeric 5.1
parallel_v1_d16_T6_G3_none red F 8 certified_numeric 13.3
parallel_v1_d16_T6_G3_none red F 9 certified_numeric 14.3
parallel_v1_d16_T6_G3_none red F 10 certified_numeric 15.4
parallel_v1_d16_T6_G3_none red F 11 certified_numeric 14.3
parallel_v1_d16_T6_G3_none red F 12 certified_numeric 14.3
parallel_v1_d16_T6_G3_none red F 13 certified_numeric 14.3
parallel_v1_d16_T6_G3_none red F 14 certified_numeric 14.3
parallel_v1_d16_T6_G3_none red F 15 certified_numeric 13.3
parallel_v1_d16_T6_G3_none red F 16 certified_numeric 2.0
parallel_v1_d16_T6_G3_none red F 17 certified_numeric 2.1
parallel_v1_d16_T6_G3_none red F 18 certified_numeric 2.1
parallel_v1_d16_T6_G3_none red F 19 certified_numeric 2.0
parallel_v1_d16_T6_G3_none red F 20 certified_numeric 3.1
parallel_v1_d16_T6_G3_none red F 21 certified_numeric 3.1
parallel_v1_d16_T6_G3_none red F 22 certified_numeric 3.1
parallel_v1_d16_T6_G3_none red F 23 certified_numeric 3.1
parallel_v1_d16_T6_G3_none red F 24 certified_numeric 1.0
parallel_v1_d16_T6_G3_none red F 25 certified_numeric 1.0
parallel_v1_d16_T6_G3_none red F 26 certified_numeric 1.0
parallel_v1_d16_T6_G3_none red F 27 certified_numeric 1.0
parallel_v1_d16_T6_G3_none red F 28 certified_numeric 1.0
parallel_v1_d16_T6_G3_none red F 29 certified_numeric 1.0
parallel_v1_d16_T6_G3_none red F 30 certified_numeric 1.0
parallel_v1.15_d16_T6_G3_none blue C 31 certified_numeric 26.6
parallel_v1.15_d16_T6_G3_none blue C 0 certified_numeric 2.0
parallel_v1.15_d16_T6_G3_none blue C 1 certified_numeric 3.1
parallel_v1.15_d16_T6_G3_none blue C 2 certified_numeric 3.1
parallel_v1.15_d16_T6_G3_none blue C 3 certified_numeric 3.1
parallel_v1.15_d16_T6_G3_none blue C 4 certified_numeric 3.1
parallel_v1.15_d16_T6_G3_none blue C 5 certified_numeric 3.1
parallel_v1.15_d16_T6_G3_none blue C 6 certified_numeric 3.1
parallel_v1.15_d16_T6_G3_none blue C 7 certified_numeric 4.1
parallel_v1.15_d16_T6_G3_none blue C 8 certified_numeric 4.1
parallel_v1.15_d16_T6_G3_none blue C 9 certified_numeric 5.1
parallel_v1.15_d16_T6_G3_none blue C 10 certified_numeric 5.1
parallel_v1.15_d16_T6_G3_none blue C 11 certified_numeric 5.1
parallel_v1.15_d16_T6_G3_none blue C 12 certified_numeric 4.1
parallel_v1.15_d16_T6_G3_none blue C 13 certified_numeric 5.1
parallel_v1.15_d16_T6_G3_none blue C 14 certified_numeric 5.1
parallel_v1.15_d16_T6_G3_none blue C 15 certified_numeric 5.1
parallel_v1.15_d16_T6_G3_none blue C 16 certified_numeric 11.2
parallel_v1.15_d16_T6_G3_none blue C 17 certified_numeric 21.5
parallel_v1.15_d16_T6_G3_none blue C 18 certified_numeric 25.5
parallel_v1.15_d16_T6_G3_none blue C 19 certified_numeric 28.6
parallel_v1.15_d16_T6_G3_none blue C 20 certified_numeric 14.3
parallel_v1.15_d16_T6_G3_none blue C 21 certified_numeric 28.6
parallel_v1.15_d16_T6_G3_none blue C 22 certified_numeric 22.5
parallel_v1.15_d16_T6_G3_none blue C 23 certified_numeric 29.6
parallel_v1.15_d16_T6_G3_none blue C 24 certified_numeric 14.3
parallel_v1.15_d16_T6_G3_none blue C 25 certified_numeric 24.5
parallel_v1.15_d16_T6_G3_none blue C 26 certified_numeric 21.5
parallel_v1.15_d16_T6_G3_none blue C 27 certified_numeric 31.8
parallel_v1.15_d16_T6_G3_none blue C 28 certified_numeric 14.4
parallel_v1.15_d16_T6_G3_none blue C 29 certified_numeric 33.9
parallel_v1.15_d16_T6_G3_none blue C 30 certified_numeric 45.8
parallel_v1.15_d16_T6_G3_none blue F 0 certified_numeric 84.6
crossing_v0.85_d16_T6_G3_none blue C 31 certified_numeric 4.1
crossing_v0.85_d16_T6_G3_none blue C 0 certified_numeric 2.1
crossing_v0.85_d16_T6_G3_none blue C 1 certified_numeric 2.1
crossing_v0.85_d16_T6_G3_none blue C 2 certified_numeric 2.1
crossing_v0.85_d16_T6_G3_none blue C 3 certified_numeric 2.1
crossing_v0.85_d16_T6_G3_none blue C 4 certified_numeric 2.1
crossing_v0.85_d16_T6_G3_none blue C 5 certified_numeric 4.1
crossing_v0.85_d16_T6_G3_none blue C 6 certified_numeric 3.1
crossing_v0.85_d16_T6_G3_none blue C 8 certified_numeric 5.2
crossing_v0.85_d16_T6_G3_none blue C 16 certified_numeric 22.0
Traceback (most recent call last):
  File "<frozen runpy>", line 203, in _run_module_as_main
  File "<frozen runpy>", line 88, in _run_code
  File "/Users/Zhuanz1/Desktop/code/seawar/iron-bottom-sound/research/experiments/v14_run.py", line 139, in <module>
    if __name__=='__main__':main()
                            ~~~~^^
  File "/Users/Zhuanz1/Desktop/code/seawar/iron-bottom-sound/research/experiments/v14_run.py", line 122, in main
    if perf['reason']=='worker_error':raise RuntimeError('SOLVER_ERROR '+str(dest))
                                      ^^^^^^^^^^^^^^^^^^^^^^^^^^^^^^^^^^^^^^^^^^^^^
RuntimeError: SOLVER_ERROR research/final_v14/runs/crossing_v0.85_d16_T6_G3_none/blue_C_S023.json
